Archive member included to satisfy reference by file (symbol)

/usr/local/Cellar/avr-gcc/6.2.0/lib/gcc/avr/6.2.0/../../../../avr/lib/avr51/libm.a(addsf3.o)
                              ../../lib/pressuresensor/pressuresensor.o (__subsf3)
/usr/local/Cellar/avr-gcc/6.2.0/lib/gcc/avr/6.2.0/../../../../avr/lib/avr51/libm.a(addsf3x.o)
                              /usr/local/Cellar/avr-gcc/6.2.0/lib/gcc/avr/6.2.0/../../../../avr/lib/avr51/libm.a(addsf3.o) (__addsf3x)
/usr/local/Cellar/avr-gcc/6.2.0/lib/gcc/avr/6.2.0/../../../../avr/lib/avr51/libm.a(atan2.o)
                              ../../lib/magnometer/magnometer.o (atan2)
/usr/local/Cellar/avr-gcc/6.2.0/lib/gcc/avr/6.2.0/../../../../avr/lib/avr51/libm.a(atan.o)
                              /usr/local/Cellar/avr-gcc/6.2.0/lib/gcc/avr/6.2.0/../../../../avr/lib/avr51/libm.a(atan2.o) (atan)
/usr/local/Cellar/avr-gcc/6.2.0/lib/gcc/avr/6.2.0/../../../../avr/lib/avr51/libm.a(cmpsf2.o)
                              ../../lib/motors/motors.o (__ltsf2)
/usr/local/Cellar/avr-gcc/6.2.0/lib/gcc/avr/6.2.0/../../../../avr/lib/avr51/libm.a(divsf3.o)
                              ../../lib/magnometer/magnometer.o (__divsf3)
/usr/local/Cellar/avr-gcc/6.2.0/lib/gcc/avr/6.2.0/../../../../avr/lib/avr51/libm.a(divsf3x.o)
                              /usr/local/Cellar/avr-gcc/6.2.0/lib/gcc/avr/6.2.0/../../../../avr/lib/avr51/libm.a(divsf3.o) (__divsf3x)
/usr/local/Cellar/avr-gcc/6.2.0/lib/gcc/avr/6.2.0/../../../../avr/lib/avr51/libm.a(fixsfsi.o)
                              main.o (__fixsfsi)
/usr/local/Cellar/avr-gcc/6.2.0/lib/gcc/avr/6.2.0/../../../../avr/lib/avr51/libm.a(fixunssfsi.o)
                              ../../lib/motors/motors.o (__fixunssfsi)
/usr/local/Cellar/avr-gcc/6.2.0/lib/gcc/avr/6.2.0/../../../../avr/lib/avr51/libm.a(floatsisf.o)
                              main.o (__floatunsisf)
/usr/local/Cellar/avr-gcc/6.2.0/lib/gcc/avr/6.2.0/../../../../avr/lib/avr51/libm.a(fp_cmp.o)
                              /usr/local/Cellar/avr-gcc/6.2.0/lib/gcc/avr/6.2.0/../../../../avr/lib/avr51/libm.a(cmpsf2.o) (__fp_cmp)
/usr/local/Cellar/avr-gcc/6.2.0/lib/gcc/avr/6.2.0/../../../../avr/lib/avr51/libm.a(fp_inf.o)
                              /usr/local/Cellar/avr-gcc/6.2.0/lib/gcc/avr/6.2.0/../../../../avr/lib/avr51/libm.a(addsf3x.o) (__fp_inf)
/usr/local/Cellar/avr-gcc/6.2.0/lib/gcc/avr/6.2.0/../../../../avr/lib/avr51/libm.a(fp_nan.o)
                              /usr/local/Cellar/avr-gcc/6.2.0/lib/gcc/avr/6.2.0/../../../../avr/lib/avr51/libm.a(addsf3x.o) (__fp_nan)
/usr/local/Cellar/avr-gcc/6.2.0/lib/gcc/avr/6.2.0/../../../../avr/lib/avr51/libm.a(fp_powser.o)
                              /usr/local/Cellar/avr-gcc/6.2.0/lib/gcc/avr/6.2.0/../../../../avr/lib/avr51/libm.a(atan.o) (__fp_powser)
/usr/local/Cellar/avr-gcc/6.2.0/lib/gcc/avr/6.2.0/../../../../avr/lib/avr51/libm.a(fp_pscA.o)
                              /usr/local/Cellar/avr-gcc/6.2.0/lib/gcc/avr/6.2.0/../../../../avr/lib/avr51/libm.a(addsf3x.o) (__fp_pscA)
/usr/local/Cellar/avr-gcc/6.2.0/lib/gcc/avr/6.2.0/../../../../avr/lib/avr51/libm.a(fp_pscB.o)
                              /usr/local/Cellar/avr-gcc/6.2.0/lib/gcc/avr/6.2.0/../../../../avr/lib/avr51/libm.a(addsf3x.o) (__fp_pscB)
/usr/local/Cellar/avr-gcc/6.2.0/lib/gcc/avr/6.2.0/../../../../avr/lib/avr51/libm.a(fp_round.o)
                              /usr/local/Cellar/avr-gcc/6.2.0/lib/gcc/avr/6.2.0/../../../../avr/lib/avr51/libm.a(addsf3.o) (__fp_round)
/usr/local/Cellar/avr-gcc/6.2.0/lib/gcc/avr/6.2.0/../../../../avr/lib/avr51/libm.a(fp_split3.o)
                              /usr/local/Cellar/avr-gcc/6.2.0/lib/gcc/avr/6.2.0/../../../../avr/lib/avr51/libm.a(addsf3x.o) (__fp_split3)
/usr/local/Cellar/avr-gcc/6.2.0/lib/gcc/avr/6.2.0/../../../../avr/lib/avr51/libm.a(fp_zero.o)
                              /usr/local/Cellar/avr-gcc/6.2.0/lib/gcc/avr/6.2.0/../../../../avr/lib/avr51/libm.a(addsf3x.o) (__fp_zero)
/usr/local/Cellar/avr-gcc/6.2.0/lib/gcc/avr/6.2.0/../../../../avr/lib/avr51/libm.a(gesf2.o)
                              main.o (__gtsf2)
/usr/local/Cellar/avr-gcc/6.2.0/lib/gcc/avr/6.2.0/../../../../avr/lib/avr51/libm.a(inverse.o)
                              /usr/local/Cellar/avr-gcc/6.2.0/lib/gcc/avr/6.2.0/../../../../avr/lib/avr51/libm.a(atan.o) (inverse)
/usr/local/Cellar/avr-gcc/6.2.0/lib/gcc/avr/6.2.0/../../../../avr/lib/avr51/libm.a(mulsf3.o)
                              ../../lib/adc/adc.o (__mulsf3)
/usr/local/Cellar/avr-gcc/6.2.0/lib/gcc/avr/6.2.0/../../../../avr/lib/avr51/libm.a(mulsf3x.o)
                              /usr/local/Cellar/avr-gcc/6.2.0/lib/gcc/avr/6.2.0/../../../../avr/lib/avr51/libm.a(atan.o) (__mulsf3x)
/usr/local/Cellar/avr-gcc/6.2.0/lib/gcc/avr/6.2.0/../../../../avr/lib/avr51/libm.a(square.o)
                              /usr/local/Cellar/avr-gcc/6.2.0/lib/gcc/avr/6.2.0/../../../../avr/lib/avr51/libm.a(atan.o) (square)
/usr/local/Cellar/avr-gcc/6.2.0/lib/gcc/avr/6.2.0/avr51/libgcc.a(_divmodhi4.o)
                              main.o (__divmodhi4)
/usr/local/Cellar/avr-gcc/6.2.0/lib/gcc/avr/6.2.0/avr51/libgcc.a(_exit.o)
                              /usr/local/Cellar/avr-gcc/6.2.0/lib/gcc/avr/6.2.0/../../../../avr/lib/avr51/crtatmega128.o (exit)
/usr/local/Cellar/avr-gcc/6.2.0/lib/gcc/avr/6.2.0/avr51/libgcc.a(_copy_data.o)
                              main.o (__do_copy_data)
/usr/local/Cellar/avr-gcc/6.2.0/lib/gcc/avr/6.2.0/avr51/libgcc.a(_clear_bss.o)
                              main.o (__do_clear_bss)
/usr/local/Cellar/avr-gcc/6.2.0/lib/gcc/avr/6.2.0/avr51/libgcc.a(_udivmodhi4.o)
                              /usr/local/Cellar/avr-gcc/6.2.0/lib/gcc/avr/6.2.0/avr51/libgcc.a(_divmodhi4.o) (__udivmodhi4)
/usr/local/Cellar/avr-gcc/6.2.0/lib/gcc/avr/6.2.0/../../../../avr/lib/avr51/libc.a(dtostrf.o)
                              main.o (dtostrf)
/usr/local/Cellar/avr-gcc/6.2.0/lib/gcc/avr/6.2.0/../../../../avr/lib/avr51/libc.a(strcmp.o)
                              main.o (strcmp)
/usr/local/Cellar/avr-gcc/6.2.0/lib/gcc/avr/6.2.0/../../../../avr/lib/avr51/libc.a(dtoa_prf.o)
                              /usr/local/Cellar/avr-gcc/6.2.0/lib/gcc/avr/6.2.0/../../../../avr/lib/avr51/libc.a(dtostrf.o) (dtoa_prf)
/usr/local/Cellar/avr-gcc/6.2.0/lib/gcc/avr/6.2.0/../../../../avr/lib/avr51/libc.a(ftoa_engine.o)
                              /usr/local/Cellar/avr-gcc/6.2.0/lib/gcc/avr/6.2.0/../../../../avr/lib/avr51/libc.a(dtoa_prf.o) (__ftoa_engine)

Allocating common symbols
Common symbol       size              file

PSENSOR_MIN         0x4               main.o
buffer              0xa               main.o

Memory Configuration

Name             Origin             Length             Attributes
text             0x0000000000000000 0x0000000000020000 xr
data             0x0000000000800100 0x000000000000ff00 rw !x
eeprom           0x0000000000810000 0x0000000000010000 rw !x
fuse             0x0000000000820000 0x0000000000000400 rw !x
lock             0x0000000000830000 0x0000000000000400 rw !x
signature        0x0000000000840000 0x0000000000000400 rw !x
*default*        0x0000000000000000 0xffffffffffffffff

Linker script and memory map

Address of section .data set to 0x800100
LOAD /usr/local/Cellar/avr-gcc/6.2.0/lib/gcc/avr/6.2.0/../../../../avr/lib/avr51/crtatmega128.o
LOAD main.o
LOAD ../../lib/I2C-master-lib/i2c_master.o
LOAD ../../lib/adc/adc.o
LOAD ../../lib/lcd/lcd.o
LOAD ../../lib/uart/uart.o
LOAD ../../lib/motors/motors.o
LOAD ../../lib/magnometer/magnometer.o
LOAD ../../lib/lasersensor/lasersensor.o
LOAD ../../lib/pressuresensor/pressuresensor.o
LOAD /usr/local/Cellar/avr-gcc/6.2.0/lib/gcc/avr/6.2.0/../../../../avr/lib/avr51/libm.a
START GROUP
LOAD /usr/local/Cellar/avr-gcc/6.2.0/lib/gcc/avr/6.2.0/avr51/libgcc.a
LOAD /usr/local/Cellar/avr-gcc/6.2.0/lib/gcc/avr/6.2.0/../../../../avr/lib/avr51/libm.a
LOAD /usr/local/Cellar/avr-gcc/6.2.0/lib/gcc/avr/6.2.0/../../../../avr/lib/avr51/libc.a
LOAD /usr/local/Cellar/avr-gcc/6.2.0/lib/gcc/avr/6.2.0/../../../../avr/lib/avr51/libatmega128.a
END GROUP

.hash
 *(.hash)

.dynsym
 *(.dynsym)

.dynstr
 *(.dynstr)

.gnu.version
 *(.gnu.version)

.gnu.version_d
 *(.gnu.version_d)

.gnu.version_r
 *(.gnu.version_r)

.rel.init
 *(.rel.init)

.rela.init
 *(.rela.init)

.rel.text
 *(.rel.text)
 *(.rel.text.*)
 *(.rel.gnu.linkonce.t*)

.rela.text
 *(.rela.text)
 *(.rela.text.*)
 *(.rela.gnu.linkonce.t*)

.rel.fini
 *(.rel.fini)

.rela.fini
 *(.rela.fini)

.rel.rodata
 *(.rel.rodata)
 *(.rel.rodata.*)
 *(.rel.gnu.linkonce.r*)

.rela.rodata
 *(.rela.rodata)
 *(.rela.rodata.*)
 *(.rela.gnu.linkonce.r*)

.rel.data
 *(.rel.data)
 *(.rel.data.*)
 *(.rel.gnu.linkonce.d*)

.rela.data
 *(.rela.data)
 *(.rela.data.*)
 *(.rela.gnu.linkonce.d*)

.rel.ctors
 *(.rel.ctors)

.rela.ctors
 *(.rela.ctors)

.rel.dtors
 *(.rel.dtors)

.rela.dtors
 *(.rela.dtors)

.rel.got
 *(.rel.got)

.rela.got
 *(.rela.got)

.rel.bss
 *(.rel.bss)

.rela.bss
 *(.rela.bss)

.rel.plt
 *(.rel.plt)

.rela.plt
 *(.rela.plt)

.text           0x0000000000000000     0x2306
 *(.vectors)
 .vectors       0x0000000000000000       0x8c /usr/local/Cellar/avr-gcc/6.2.0/lib/gcc/avr/6.2.0/../../../../avr/lib/avr51/crtatmega128.o
                0x0000000000000000                __vectors
                0x0000000000000000                __vector_default
 *(.vectors)
 *(.progmem.gcc*)
 .progmem.gcc_fplib
                0x000000000000008c       0x2d /usr/local/Cellar/avr-gcc/6.2.0/lib/gcc/avr/6.2.0/../../../../avr/lib/avr51/libm.a(atan.o)
                0x00000000000000ba                . = ALIGN (0x2)
 *fill*         0x00000000000000b9        0x1 
                0x00000000000000ba                __trampolines_start = .
 *(.trampolines)
 .trampolines   0x00000000000000ba        0x0 linker stubs
 *(.trampolines*)
                0x00000000000000ba                __trampolines_end = .
 *(.progmem*)
 .progmem.data  0x00000000000000ba       0xfa /usr/local/Cellar/avr-gcc/6.2.0/lib/gcc/avr/6.2.0/../../../../avr/lib/avr51/libc.a(ftoa_engine.o)
                0x00000000000001b4                . = ALIGN (0x2)
 *(.jumptables)
 *(.jumptables*)
 *(.lowtext)
 *(.lowtext*)
                0x00000000000001b4                __ctors_start = .
 *(.ctors)
                0x00000000000001b4                __ctors_end = .
                0x00000000000001b4                __dtors_start = .
 *(.dtors)
                0x00000000000001b4                __dtors_end = .
 SORT(*)(.ctors)
 SORT(*)(.dtors)
 *(.init0)
 .init0         0x00000000000001b4        0x0 /usr/local/Cellar/avr-gcc/6.2.0/lib/gcc/avr/6.2.0/../../../../avr/lib/avr51/crtatmega128.o
                0x00000000000001b4                __init
 *(.init0)
 *(.init1)
 *(.init1)
 *(.init2)
 .init2         0x00000000000001b4        0xc /usr/local/Cellar/avr-gcc/6.2.0/lib/gcc/avr/6.2.0/../../../../avr/lib/avr51/crtatmega128.o
 *(.init2)
 *(.init3)
 *(.init3)
 *(.init4)
 .init4         0x00000000000001c0       0x1a /usr/local/Cellar/avr-gcc/6.2.0/lib/gcc/avr/6.2.0/avr51/libgcc.a(_copy_data.o)
                0x00000000000001c0                __do_copy_data
 .init4         0x00000000000001da       0x10 /usr/local/Cellar/avr-gcc/6.2.0/lib/gcc/avr/6.2.0/avr51/libgcc.a(_clear_bss.o)
                0x00000000000001da                __do_clear_bss
 *(.init4)
 *(.init5)
 *(.init5)
 *(.init6)
 *(.init6)
 *(.init7)
 *(.init7)
 *(.init8)
 *(.init8)
 *(.init9)
 .init9         0x00000000000001ea        0x8 /usr/local/Cellar/avr-gcc/6.2.0/lib/gcc/avr/6.2.0/../../../../avr/lib/avr51/crtatmega128.o
 *(.init9)
 *(.text)
 .text          0x00000000000001f2        0x4 /usr/local/Cellar/avr-gcc/6.2.0/lib/gcc/avr/6.2.0/../../../../avr/lib/avr51/crtatmega128.o
                0x00000000000001f2                __vector_20
                0x00000000000001f2                __vector_28
                0x00000000000001f2                __vector_1
                0x00000000000001f2                __vector_32
                0x00000000000001f2                __vector_34
                0x00000000000001f2                __vector_24
                0x00000000000001f2                __vector_12
                0x00000000000001f2                __bad_interrupt
                0x00000000000001f2                __vector_31
                0x00000000000001f2                __vector_3
                0x00000000000001f2                __vector_23
                0x00000000000001f2                __vector_30
                0x00000000000001f2                __vector_25
                0x00000000000001f2                __vector_11
                0x00000000000001f2                __vector_13
                0x00000000000001f2                __vector_17
                0x00000000000001f2                __vector_19
                0x00000000000001f2                __vector_7
                0x00000000000001f2                __vector_27
                0x00000000000001f2                __vector_33
                0x00000000000001f2                __vector_4
                0x00000000000001f2                __vector_9
                0x00000000000001f2                __vector_2
                0x00000000000001f2                __vector_21
                0x00000000000001f2                __vector_15
                0x00000000000001f2                __vector_29
                0x00000000000001f2                __vector_8
                0x00000000000001f2                __vector_14
                0x00000000000001f2                __vector_10
                0x00000000000001f2                __vector_16
                0x00000000000001f2                __vector_18
                0x00000000000001f2                __vector_22
 .text          0x00000000000001f6      0x914 main.o
                0x00000000000001f6                __vector_5
                0x0000000000000356                __vector_6
                0x00000000000004b6                __vector_26
                0x000000000000059c                dive
                0x000000000000065e                enable_bumpers
                0x000000000000067a                init_data_timer
                0x00000000000006c4                path1
                0x00000000000008ee                path2
                0x0000000000000a2a                path3
                0x0000000000000a2c                turn
 .text          0x0000000000000b0a      0x28e ../../lib/I2C-master-lib/i2c_master.o
                0x0000000000000b0a                i2c_init
                0x0000000000000b12                i2c_start
                0x0000000000000b56                i2c_write
                0x0000000000000b7a                i2c_read_ack
                0x0000000000000b8e                i2c_read_nack
                0x0000000000000ba2                i2c_transmit
                0x0000000000000c00                i2c_receive
                0x0000000000000c70                i2c_writeReg
                0x0000000000000cf0                i2c_readReg
                0x0000000000000d90                i2c_stop
 .text          0x0000000000000d98       0x90 ../../lib/adc/adc.o
                0x0000000000000d98                enable_adc
                0x0000000000000db2                read_adc
                0x0000000000000dfc                get_voltage
 .text          0x0000000000000e28      0x232 ../../lib/lcd/lcd.o
                0x0000000000000e28                strobe_lcd
                0x0000000000000e3a                clear_display
                0x0000000000000e6e                home_line2
                0x0000000000000e9a                char2lcd
                0x0000000000000ec6                string2lcd
                0x0000000000000f24                spi_init
                0x0000000000000f42                lcd_init
 .text          0x000000000000105a      0x1a8 ../../lib/uart/uart.o
                0x000000000000105a                USART1_Init
                0x0000000000001082                USART1_Transmit
                0x0000000000001090                USART1_send_string
                0x00000000000010ae                USART1_Receive
                0x00000000000010bc                USART1_Receive_String
                0x0000000000001104                USART1_flush
                0x000000000000113e                USART0_Init
                0x0000000000001162                USART0_Transmit
                0x000000000000116a                USART0_send_string
                0x0000000000001182                USART0_Receive
                0x00000000000011a0                USART0_Receive_String
                0x00000000000011f6                USART0_flush
 .text          0x0000000000001202      0x1f0 ../../lib/motors/motors.o
                0x0000000000001202                init_esc
                0x000000000000122e                set_16bitPWM1
                0x000000000000127e                init_motors
                0x0000000000001282                TIM16_WriteTCNT1
                0x0000000000001292                move
 .text          0x00000000000013f2      0x120 ../../lib/magnometer/magnometer.o
                0x00000000000013f2                init_HMC5883L
                0x0000000000001434                getHeading
 .text          0x0000000000001512       0x40 ../../lib/lasersensor/lasersensor.o
                0x0000000000001512                get_distance
                0x000000000000151a                print_distance
                0x0000000000001522                enable_laser_sensor
                0x000000000000153e                disable_laser_sensor
                0x000000000000154a                laser_off
                0x000000000000154e                laser_on
 .text          0x0000000000001552       0xa6 ../../lib/pressuresensor/pressuresensor.o
                0x0000000000001552                calibrate_pressure_sensor
                0x000000000000156c                get_depth_mpa
                0x00000000000015e6                get_depth_feet
 .text          0x00000000000015f8        0x0 /usr/local/Cellar/avr-gcc/6.2.0/lib/gcc/avr/6.2.0/../../../../avr/lib/avr51/libm.a(addsf3.o)
 .text          0x00000000000015f8        0x0 /usr/local/Cellar/avr-gcc/6.2.0/lib/gcc/avr/6.2.0/../../../../avr/lib/avr51/libm.a(addsf3x.o)
 .text          0x00000000000015f8        0x0 /usr/local/Cellar/avr-gcc/6.2.0/lib/gcc/avr/6.2.0/../../../../avr/lib/avr51/libm.a(atan2.o)
 .text          0x00000000000015f8        0x0 /usr/local/Cellar/avr-gcc/6.2.0/lib/gcc/avr/6.2.0/../../../../avr/lib/avr51/libm.a(atan.o)
 .text          0x00000000000015f8        0x0 /usr/local/Cellar/avr-gcc/6.2.0/lib/gcc/avr/6.2.0/../../../../avr/lib/avr51/libm.a(cmpsf2.o)
 .text          0x00000000000015f8        0x0 /usr/local/Cellar/avr-gcc/6.2.0/lib/gcc/avr/6.2.0/../../../../avr/lib/avr51/libm.a(divsf3.o)
 .text          0x00000000000015f8        0x0 /usr/local/Cellar/avr-gcc/6.2.0/lib/gcc/avr/6.2.0/../../../../avr/lib/avr51/libm.a(divsf3x.o)
 .text          0x00000000000015f8        0x0 /usr/local/Cellar/avr-gcc/6.2.0/lib/gcc/avr/6.2.0/../../../../avr/lib/avr51/libm.a(fixsfsi.o)
 .text          0x00000000000015f8        0x0 /usr/local/Cellar/avr-gcc/6.2.0/lib/gcc/avr/6.2.0/../../../../avr/lib/avr51/libm.a(fixunssfsi.o)
 .text          0x00000000000015f8        0x0 /usr/local/Cellar/avr-gcc/6.2.0/lib/gcc/avr/6.2.0/../../../../avr/lib/avr51/libm.a(floatsisf.o)
 .text          0x00000000000015f8        0x0 /usr/local/Cellar/avr-gcc/6.2.0/lib/gcc/avr/6.2.0/../../../../avr/lib/avr51/libm.a(fp_cmp.o)
 .text          0x00000000000015f8        0x0 /usr/local/Cellar/avr-gcc/6.2.0/lib/gcc/avr/6.2.0/../../../../avr/lib/avr51/libm.a(fp_inf.o)
 .text          0x00000000000015f8        0x0 /usr/local/Cellar/avr-gcc/6.2.0/lib/gcc/avr/6.2.0/../../../../avr/lib/avr51/libm.a(fp_nan.o)
 .text          0x00000000000015f8        0x0 /usr/local/Cellar/avr-gcc/6.2.0/lib/gcc/avr/6.2.0/../../../../avr/lib/avr51/libm.a(fp_powser.o)
 .text          0x00000000000015f8        0x0 /usr/local/Cellar/avr-gcc/6.2.0/lib/gcc/avr/6.2.0/../../../../avr/lib/avr51/libm.a(fp_pscA.o)
 .text          0x00000000000015f8        0x0 /usr/local/Cellar/avr-gcc/6.2.0/lib/gcc/avr/6.2.0/../../../../avr/lib/avr51/libm.a(fp_pscB.o)
 .text          0x00000000000015f8        0x0 /usr/local/Cellar/avr-gcc/6.2.0/lib/gcc/avr/6.2.0/../../../../avr/lib/avr51/libm.a(fp_round.o)
 .text          0x00000000000015f8        0x0 /usr/local/Cellar/avr-gcc/6.2.0/lib/gcc/avr/6.2.0/../../../../avr/lib/avr51/libm.a(fp_split3.o)
 .text          0x00000000000015f8        0x0 /usr/local/Cellar/avr-gcc/6.2.0/lib/gcc/avr/6.2.0/../../../../avr/lib/avr51/libm.a(fp_zero.o)
 .text          0x00000000000015f8        0x0 /usr/local/Cellar/avr-gcc/6.2.0/lib/gcc/avr/6.2.0/../../../../avr/lib/avr51/libm.a(gesf2.o)
 .text          0x00000000000015f8        0x0 /usr/local/Cellar/avr-gcc/6.2.0/lib/gcc/avr/6.2.0/../../../../avr/lib/avr51/libm.a(inverse.o)
 .text          0x00000000000015f8        0x0 /usr/local/Cellar/avr-gcc/6.2.0/lib/gcc/avr/6.2.0/../../../../avr/lib/avr51/libm.a(mulsf3.o)
 .text          0x00000000000015f8        0x0 /usr/local/Cellar/avr-gcc/6.2.0/lib/gcc/avr/6.2.0/../../../../avr/lib/avr51/libm.a(mulsf3x.o)
 .text          0x00000000000015f8        0x0 /usr/local/Cellar/avr-gcc/6.2.0/lib/gcc/avr/6.2.0/../../../../avr/lib/avr51/libm.a(square.o)
 .text          0x00000000000015f8        0x0 /usr/local/Cellar/avr-gcc/6.2.0/lib/gcc/avr/6.2.0/avr51/libgcc.a(_divmodhi4.o)
 .text          0x00000000000015f8        0x0 /usr/local/Cellar/avr-gcc/6.2.0/lib/gcc/avr/6.2.0/avr51/libgcc.a(_exit.o)
 .text          0x00000000000015f8        0x0 /usr/local/Cellar/avr-gcc/6.2.0/lib/gcc/avr/6.2.0/avr51/libgcc.a(_copy_data.o)
 .text          0x00000000000015f8        0x0 /usr/local/Cellar/avr-gcc/6.2.0/lib/gcc/avr/6.2.0/avr51/libgcc.a(_clear_bss.o)
 .text          0x00000000000015f8        0x0 /usr/local/Cellar/avr-gcc/6.2.0/lib/gcc/avr/6.2.0/avr51/libgcc.a(_udivmodhi4.o)
 .text          0x00000000000015f8        0x0 /usr/local/Cellar/avr-gcc/6.2.0/lib/gcc/avr/6.2.0/../../../../avr/lib/avr51/libc.a(dtostrf.o)
 .text          0x00000000000015f8        0x0 /usr/local/Cellar/avr-gcc/6.2.0/lib/gcc/avr/6.2.0/../../../../avr/lib/avr51/libc.a(strcmp.o)
 .text          0x00000000000015f8        0x0 /usr/local/Cellar/avr-gcc/6.2.0/lib/gcc/avr/6.2.0/../../../../avr/lib/avr51/libc.a(dtoa_prf.o)
 .text          0x00000000000015f8        0x0 /usr/local/Cellar/avr-gcc/6.2.0/lib/gcc/avr/6.2.0/../../../../avr/lib/avr51/libc.a(ftoa_engine.o)
                0x00000000000015f8                . = ALIGN (0x2)
 *(.text.*)
 .text.startup  0x00000000000015f8      0x1f0 main.o
                0x00000000000015f8                main
 .text.avr-libc.fplib
                0x00000000000017e8        0xe /usr/local/Cellar/avr-gcc/6.2.0/lib/gcc/avr/6.2.0/../../../../avr/lib/avr51/libm.a(addsf3.o)
                0x00000000000017e8                __subsf3
                0x00000000000017ea                __addsf3
 .text.avr-libc.fplib
                0x00000000000017f6       0xcc /usr/local/Cellar/avr-gcc/6.2.0/lib/gcc/avr/6.2.0/../../../../avr/lib/avr51/libm.a(addsf3x.o)
                0x0000000000001818                __addsf3x
 .text.avr-libc.fplib
                0x00000000000018c2       0x86 /usr/local/Cellar/avr-gcc/6.2.0/lib/gcc/avr/6.2.0/../../../../avr/lib/avr51/libm.a(atan2.o)
                0x00000000000018e8                atan2
 .text.avr-libc.fplib
                0x0000000000001948       0x5e /usr/local/Cellar/avr-gcc/6.2.0/lib/gcc/avr/6.2.0/../../../../avr/lib/avr51/libm.a(atan.o)
                0x0000000000001948                atan
 .text.avr-libc.fplib
                0x00000000000019a6        0xa /usr/local/Cellar/avr-gcc/6.2.0/lib/gcc/avr/6.2.0/../../../../avr/lib/avr51/libm.a(cmpsf2.o)
                0x00000000000019a6                __lesf2
                0x00000000000019a6                __nesf2
                0x00000000000019a6                __eqsf2
                0x00000000000019a6                __cmpsf2
                0x00000000000019a6                __ltsf2
 .text.avr-libc.fplib
                0x00000000000019b0        0x8 /usr/local/Cellar/avr-gcc/6.2.0/lib/gcc/avr/6.2.0/../../../../avr/lib/avr51/libm.a(divsf3.o)
                0x00000000000019b0                __divsf3
 .text.avr-libc.fplib
                0x00000000000019b8       0xdc /usr/local/Cellar/avr-gcc/6.2.0/lib/gcc/avr/6.2.0/../../../../avr/lib/avr51/libm.a(divsf3x.o)
                0x00000000000019d8                __divsf3x
                0x00000000000019de                __divsf3_pse
 .text.avr-libc.fplib
                0x0000000000001a94        0xe /usr/local/Cellar/avr-gcc/6.2.0/lib/gcc/avr/6.2.0/../../../../avr/lib/avr51/libm.a(fixsfsi.o)
                0x0000000000001a94                __fixsfsi
 .text.avr-libc.fplib
                0x0000000000001aa2       0x5e /usr/local/Cellar/avr-gcc/6.2.0/lib/gcc/avr/6.2.0/../../../../avr/lib/avr51/libm.a(fixunssfsi.o)
                0x0000000000001aa2                __fixunssfsi
 .text.avr-libc.fplib
                0x0000000000001b00       0x7a /usr/local/Cellar/avr-gcc/6.2.0/lib/gcc/avr/6.2.0/../../../../avr/lib/avr51/libm.a(floatsisf.o)
                0x0000000000001b00                __floatunsisf
                0x0000000000001b04                __floatsisf
 .text.avr-libc.fplib
                0x0000000000001b7a       0x48 /usr/local/Cellar/avr-gcc/6.2.0/lib/gcc/avr/6.2.0/../../../../avr/lib/avr51/libm.a(fp_cmp.o)
                0x0000000000001b7a                __fp_cmp
 .text.avr-libc.fplib
                0x0000000000001bc2        0xc /usr/local/Cellar/avr-gcc/6.2.0/lib/gcc/avr/6.2.0/../../../../avr/lib/avr51/libm.a(fp_inf.o)
                0x0000000000001bc2                __fp_inf
 .text.avr-libc.fplib
                0x0000000000001bce        0x6 /usr/local/Cellar/avr-gcc/6.2.0/lib/gcc/avr/6.2.0/../../../../avr/lib/avr51/libm.a(fp_nan.o)
                0x0000000000001bce                __fp_nan
 .text.avr-libc.fplib
                0x0000000000001bd4       0x4e /usr/local/Cellar/avr-gcc/6.2.0/lib/gcc/avr/6.2.0/../../../../avr/lib/avr51/libm.a(fp_powser.o)
                0x0000000000001bd4                __fp_powser
 .text.avr-libc.fplib
                0x0000000000001c22        0xe /usr/local/Cellar/avr-gcc/6.2.0/lib/gcc/avr/6.2.0/../../../../avr/lib/avr51/libm.a(fp_pscA.o)
                0x0000000000001c22                __fp_pscA
 .text.avr-libc.fplib
                0x0000000000001c30        0xe /usr/local/Cellar/avr-gcc/6.2.0/lib/gcc/avr/6.2.0/../../../../avr/lib/avr51/libm.a(fp_pscB.o)
                0x0000000000001c30                __fp_pscB
 .text.avr-libc.fplib
                0x0000000000001c3e       0x22 /usr/local/Cellar/avr-gcc/6.2.0/lib/gcc/avr/6.2.0/../../../../avr/lib/avr51/libm.a(fp_round.o)
                0x0000000000001c3e                __fp_round
 .text.avr-libc.fplib
                0x0000000000001c60       0x44 /usr/local/Cellar/avr-gcc/6.2.0/lib/gcc/avr/6.2.0/../../../../avr/lib/avr51/libm.a(fp_split3.o)
                0x0000000000001c60                __fp_split3
                0x0000000000001c70                __fp_splitA
 .text.avr-libc.fplib
                0x0000000000001ca4        0xe /usr/local/Cellar/avr-gcc/6.2.0/lib/gcc/avr/6.2.0/../../../../avr/lib/avr51/libm.a(fp_zero.o)
                0x0000000000001ca4                __fp_zero
                0x0000000000001ca6                __fp_szero
 .text.avr-libc.fplib
                0x0000000000001cb2        0xa /usr/local/Cellar/avr-gcc/6.2.0/lib/gcc/avr/6.2.0/../../../../avr/lib/avr51/libm.a(gesf2.o)
                0x0000000000001cb2                __gtsf2
                0x0000000000001cb2                __gesf2
 .text.avr-libc.fplib
                0x0000000000001cbc       0x10 /usr/local/Cellar/avr-gcc/6.2.0/lib/gcc/avr/6.2.0/../../../../avr/lib/avr51/libm.a(inverse.o)
                0x0000000000001cbc                inverse
 .text.avr-libc.fplib
                0x0000000000001ccc        0x8 /usr/local/Cellar/avr-gcc/6.2.0/lib/gcc/avr/6.2.0/../../../../avr/lib/avr51/libm.a(mulsf3.o)
                0x0000000000001ccc                __mulsf3
 .text.avr-libc.fplib
                0x0000000000001cd4       0xd2 /usr/local/Cellar/avr-gcc/6.2.0/lib/gcc/avr/6.2.0/../../../../avr/lib/avr51/libm.a(mulsf3x.o)
                0x0000000000001cf2                __mulsf3x
                0x0000000000001cf8                __mulsf3_pse
 .text.avr-libc.fplib
                0x0000000000001da6        0x8 /usr/local/Cellar/avr-gcc/6.2.0/lib/gcc/avr/6.2.0/../../../../avr/lib/avr51/libm.a(square.o)
                0x0000000000001da6                square
 .text.libgcc.mul
                0x0000000000001dae        0x0 /usr/local/Cellar/avr-gcc/6.2.0/lib/gcc/avr/6.2.0/avr51/libgcc.a(_divmodhi4.o)
 .text.libgcc.div
                0x0000000000001dae       0x28 /usr/local/Cellar/avr-gcc/6.2.0/lib/gcc/avr/6.2.0/avr51/libgcc.a(_divmodhi4.o)
                0x0000000000001dae                __divmodhi4
                0x0000000000001dae                _div
 .text.libgcc   0x0000000000001dd6        0x0 /usr/local/Cellar/avr-gcc/6.2.0/lib/gcc/avr/6.2.0/avr51/libgcc.a(_divmodhi4.o)
 .text.libgcc.prologue
                0x0000000000001dd6        0x0 /usr/local/Cellar/avr-gcc/6.2.0/lib/gcc/avr/6.2.0/avr51/libgcc.a(_divmodhi4.o)
 .text.libgcc.builtins
                0x0000000000001dd6        0x0 /usr/local/Cellar/avr-gcc/6.2.0/lib/gcc/avr/6.2.0/avr51/libgcc.a(_divmodhi4.o)
 .text.libgcc.fmul
                0x0000000000001dd6        0x0 /usr/local/Cellar/avr-gcc/6.2.0/lib/gcc/avr/6.2.0/avr51/libgcc.a(_divmodhi4.o)
 .text.libgcc.fixed
                0x0000000000001dd6        0x0 /usr/local/Cellar/avr-gcc/6.2.0/lib/gcc/avr/6.2.0/avr51/libgcc.a(_divmodhi4.o)
 .text.libgcc.mul
                0x0000000000001dd6        0x0 /usr/local/Cellar/avr-gcc/6.2.0/lib/gcc/avr/6.2.0/avr51/libgcc.a(_exit.o)
 .text.libgcc.div
                0x0000000000001dd6        0x0 /usr/local/Cellar/avr-gcc/6.2.0/lib/gcc/avr/6.2.0/avr51/libgcc.a(_exit.o)
 .text.libgcc   0x0000000000001dd6        0x0 /usr/local/Cellar/avr-gcc/6.2.0/lib/gcc/avr/6.2.0/avr51/libgcc.a(_exit.o)
 .text.libgcc.prologue
                0x0000000000001dd6        0x0 /usr/local/Cellar/avr-gcc/6.2.0/lib/gcc/avr/6.2.0/avr51/libgcc.a(_exit.o)
 .text.libgcc.builtins
                0x0000000000001dd6        0x0 /usr/local/Cellar/avr-gcc/6.2.0/lib/gcc/avr/6.2.0/avr51/libgcc.a(_exit.o)
 .text.libgcc.fmul
                0x0000000000001dd6        0x0 /usr/local/Cellar/avr-gcc/6.2.0/lib/gcc/avr/6.2.0/avr51/libgcc.a(_exit.o)
 .text.libgcc.fixed
                0x0000000000001dd6        0x0 /usr/local/Cellar/avr-gcc/6.2.0/lib/gcc/avr/6.2.0/avr51/libgcc.a(_exit.o)
 .text.libgcc.mul
                0x0000000000001dd6        0x0 /usr/local/Cellar/avr-gcc/6.2.0/lib/gcc/avr/6.2.0/avr51/libgcc.a(_copy_data.o)
 .text.libgcc.div
                0x0000000000001dd6        0x0 /usr/local/Cellar/avr-gcc/6.2.0/lib/gcc/avr/6.2.0/avr51/libgcc.a(_copy_data.o)
 .text.libgcc   0x0000000000001dd6        0x0 /usr/local/Cellar/avr-gcc/6.2.0/lib/gcc/avr/6.2.0/avr51/libgcc.a(_copy_data.o)
 .text.libgcc.prologue
                0x0000000000001dd6        0x0 /usr/local/Cellar/avr-gcc/6.2.0/lib/gcc/avr/6.2.0/avr51/libgcc.a(_copy_data.o)
 .text.libgcc.builtins
                0x0000000000001dd6        0x0 /usr/local/Cellar/avr-gcc/6.2.0/lib/gcc/avr/6.2.0/avr51/libgcc.a(_copy_data.o)
 .text.libgcc.fmul
                0x0000000000001dd6        0x0 /usr/local/Cellar/avr-gcc/6.2.0/lib/gcc/avr/6.2.0/avr51/libgcc.a(_copy_data.o)
 .text.libgcc.fixed
                0x0000000000001dd6        0x0 /usr/local/Cellar/avr-gcc/6.2.0/lib/gcc/avr/6.2.0/avr51/libgcc.a(_copy_data.o)
 .text.libgcc.mul
                0x0000000000001dd6        0x0 /usr/local/Cellar/avr-gcc/6.2.0/lib/gcc/avr/6.2.0/avr51/libgcc.a(_clear_bss.o)
 .text.libgcc.div
                0x0000000000001dd6        0x0 /usr/local/Cellar/avr-gcc/6.2.0/lib/gcc/avr/6.2.0/avr51/libgcc.a(_clear_bss.o)
 .text.libgcc   0x0000000000001dd6        0x0 /usr/local/Cellar/avr-gcc/6.2.0/lib/gcc/avr/6.2.0/avr51/libgcc.a(_clear_bss.o)
 .text.libgcc.prologue
                0x0000000000001dd6        0x0 /usr/local/Cellar/avr-gcc/6.2.0/lib/gcc/avr/6.2.0/avr51/libgcc.a(_clear_bss.o)
 .text.libgcc.builtins
                0x0000000000001dd6        0x0 /usr/local/Cellar/avr-gcc/6.2.0/lib/gcc/avr/6.2.0/avr51/libgcc.a(_clear_bss.o)
 .text.libgcc.fmul
                0x0000000000001dd6        0x0 /usr/local/Cellar/avr-gcc/6.2.0/lib/gcc/avr/6.2.0/avr51/libgcc.a(_clear_bss.o)
 .text.libgcc.fixed
                0x0000000000001dd6        0x0 /usr/local/Cellar/avr-gcc/6.2.0/lib/gcc/avr/6.2.0/avr51/libgcc.a(_clear_bss.o)
 .text.libgcc.mul
                0x0000000000001dd6        0x0 /usr/local/Cellar/avr-gcc/6.2.0/lib/gcc/avr/6.2.0/avr51/libgcc.a(_udivmodhi4.o)
 .text.libgcc.div
                0x0000000000001dd6       0x28 /usr/local/Cellar/avr-gcc/6.2.0/lib/gcc/avr/6.2.0/avr51/libgcc.a(_udivmodhi4.o)
                0x0000000000001dd6                __udivmodhi4
 .text.libgcc   0x0000000000001dfe        0x0 /usr/local/Cellar/avr-gcc/6.2.0/lib/gcc/avr/6.2.0/avr51/libgcc.a(_udivmodhi4.o)
 .text.libgcc.prologue
                0x0000000000001dfe        0x0 /usr/local/Cellar/avr-gcc/6.2.0/lib/gcc/avr/6.2.0/avr51/libgcc.a(_udivmodhi4.o)
 .text.libgcc.builtins
                0x0000000000001dfe        0x0 /usr/local/Cellar/avr-gcc/6.2.0/lib/gcc/avr/6.2.0/avr51/libgcc.a(_udivmodhi4.o)
 .text.libgcc.fmul
                0x0000000000001dfe        0x0 /usr/local/Cellar/avr-gcc/6.2.0/lib/gcc/avr/6.2.0/avr51/libgcc.a(_udivmodhi4.o)
 .text.libgcc.fixed
                0x0000000000001dfe        0x0 /usr/local/Cellar/avr-gcc/6.2.0/lib/gcc/avr/6.2.0/avr51/libgcc.a(_udivmodhi4.o)
 .text.avr-libc
                0x0000000000001dfe       0x40 /usr/local/Cellar/avr-gcc/6.2.0/lib/gcc/avr/6.2.0/../../../../avr/lib/avr51/libc.a(dtostrf.o)
                0x0000000000001dfe                dtostrf
 .text.avr-libc
                0x0000000000001e3e       0x12 /usr/local/Cellar/avr-gcc/6.2.0/lib/gcc/avr/6.2.0/../../../../avr/lib/avr51/libc.a(strcmp.o)
                0x0000000000001e3e                strcmp
 .text.avr-libc
                0x0000000000001e50      0x302 /usr/local/Cellar/avr-gcc/6.2.0/lib/gcc/avr/6.2.0/../../../../avr/lib/avr51/libc.a(dtoa_prf.o)
                0x0000000000001e50                dtoa_prf
 .text.avr-libc
                0x0000000000002152      0x1b0 /usr/local/Cellar/avr-gcc/6.2.0/lib/gcc/avr/6.2.0/../../../../avr/lib/avr51/libc.a(ftoa_engine.o)
                0x0000000000002152                __ftoa_engine
                0x0000000000002302                . = ALIGN (0x2)
 *(.fini9)
 .fini9         0x0000000000002302        0x0 /usr/local/Cellar/avr-gcc/6.2.0/lib/gcc/avr/6.2.0/avr51/libgcc.a(_exit.o)
                0x0000000000002302                exit
                0x0000000000002302                _exit
 *(.fini9)
 *(.fini8)
 *(.fini8)
 *(.fini7)
 *(.fini7)
 *(.fini6)
 *(.fini6)
 *(.fini5)
 *(.fini5)
 *(.fini4)
 *(.fini4)
 *(.fini3)
 *(.fini3)
 *(.fini2)
 *(.fini2)
 *(.fini1)
 *(.fini1)
 *(.fini0)
 .fini0         0x0000000000002302        0x4 /usr/local/Cellar/avr-gcc/6.2.0/lib/gcc/avr/6.2.0/avr51/libgcc.a(_exit.o)
 *(.fini0)
                0x0000000000002306                _etext = .

.data           0x0000000000800100      0x240 load address 0x0000000000002306
                0x0000000000800100                PROVIDE (__data_start, .)
 *(.data)
 .data          0x0000000000800100        0x0 /usr/local/Cellar/avr-gcc/6.2.0/lib/gcc/avr/6.2.0/../../../../avr/lib/avr51/crtatmega128.o
 .data          0x0000000000800100        0x2 main.o
                0x0000000000800100                STABLE_Z
 .data          0x0000000000800102        0x0 ../../lib/I2C-master-lib/i2c_master.o
 .data          0x0000000000800102        0x0 ../../lib/adc/adc.o
 .data          0x0000000000800102        0x0 ../../lib/lcd/lcd.o
 .data          0x0000000000800102        0x0 ../../lib/uart/uart.o
 .data          0x0000000000800102        0x0 ../../lib/motors/motors.o
 .data          0x0000000000800102        0x0 ../../lib/magnometer/magnometer.o
 .data          0x0000000000800102        0x0 ../../lib/lasersensor/lasersensor.o
 .data          0x0000000000800102        0x0 ../../lib/pressuresensor/pressuresensor.o
 .data          0x0000000000800102        0x0 /usr/local/Cellar/avr-gcc/6.2.0/lib/gcc/avr/6.2.0/../../../../avr/lib/avr51/libm.a(addsf3.o)
 .data          0x0000000000800102        0x0 /usr/local/Cellar/avr-gcc/6.2.0/lib/gcc/avr/6.2.0/../../../../avr/lib/avr51/libm.a(addsf3x.o)
 .data          0x0000000000800102        0x0 /usr/local/Cellar/avr-gcc/6.2.0/lib/gcc/avr/6.2.0/../../../../avr/lib/avr51/libm.a(atan2.o)
 .data          0x0000000000800102        0x0 /usr/local/Cellar/avr-gcc/6.2.0/lib/gcc/avr/6.2.0/../../../../avr/lib/avr51/libm.a(atan.o)
 .data          0x0000000000800102        0x0 /usr/local/Cellar/avr-gcc/6.2.0/lib/gcc/avr/6.2.0/../../../../avr/lib/avr51/libm.a(cmpsf2.o)
 .data          0x0000000000800102        0x0 /usr/local/Cellar/avr-gcc/6.2.0/lib/gcc/avr/6.2.0/../../../../avr/lib/avr51/libm.a(divsf3.o)
 .data          0x0000000000800102        0x0 /usr/local/Cellar/avr-gcc/6.2.0/lib/gcc/avr/6.2.0/../../../../avr/lib/avr51/libm.a(divsf3x.o)
 .data          0x0000000000800102        0x0 /usr/local/Cellar/avr-gcc/6.2.0/lib/gcc/avr/6.2.0/../../../../avr/lib/avr51/libm.a(fixsfsi.o)
 .data          0x0000000000800102        0x0 /usr/local/Cellar/avr-gcc/6.2.0/lib/gcc/avr/6.2.0/../../../../avr/lib/avr51/libm.a(fixunssfsi.o)
 .data          0x0000000000800102        0x0 /usr/local/Cellar/avr-gcc/6.2.0/lib/gcc/avr/6.2.0/../../../../avr/lib/avr51/libm.a(floatsisf.o)
 .data          0x0000000000800102        0x0 /usr/local/Cellar/avr-gcc/6.2.0/lib/gcc/avr/6.2.0/../../../../avr/lib/avr51/libm.a(fp_cmp.o)
 .data          0x0000000000800102        0x0 /usr/local/Cellar/avr-gcc/6.2.0/lib/gcc/avr/6.2.0/../../../../avr/lib/avr51/libm.a(fp_inf.o)
 .data          0x0000000000800102        0x0 /usr/local/Cellar/avr-gcc/6.2.0/lib/gcc/avr/6.2.0/../../../../avr/lib/avr51/libm.a(fp_nan.o)
 .data          0x0000000000800102        0x0 /usr/local/Cellar/avr-gcc/6.2.0/lib/gcc/avr/6.2.0/../../../../avr/lib/avr51/libm.a(fp_powser.o)
 .data          0x0000000000800102        0x0 /usr/local/Cellar/avr-gcc/6.2.0/lib/gcc/avr/6.2.0/../../../../avr/lib/avr51/libm.a(fp_pscA.o)
 .data          0x0000000000800102        0x0 /usr/local/Cellar/avr-gcc/6.2.0/lib/gcc/avr/6.2.0/../../../../avr/lib/avr51/libm.a(fp_pscB.o)
 .data          0x0000000000800102        0x0 /usr/local/Cellar/avr-gcc/6.2.0/lib/gcc/avr/6.2.0/../../../../avr/lib/avr51/libm.a(fp_round.o)
 .data          0x0000000000800102        0x0 /usr/local/Cellar/avr-gcc/6.2.0/lib/gcc/avr/6.2.0/../../../../avr/lib/avr51/libm.a(fp_split3.o)
 .data          0x0000000000800102        0x0 /usr/local/Cellar/avr-gcc/6.2.0/lib/gcc/avr/6.2.0/../../../../avr/lib/avr51/libm.a(fp_zero.o)
 .data          0x0000000000800102        0x0 /usr/local/Cellar/avr-gcc/6.2.0/lib/gcc/avr/6.2.0/../../../../avr/lib/avr51/libm.a(gesf2.o)
 .data          0x0000000000800102        0x0 /usr/local/Cellar/avr-gcc/6.2.0/lib/gcc/avr/6.2.0/../../../../avr/lib/avr51/libm.a(inverse.o)
 .data          0x0000000000800102        0x0 /usr/local/Cellar/avr-gcc/6.2.0/lib/gcc/avr/6.2.0/../../../../avr/lib/avr51/libm.a(mulsf3.o)
 .data          0x0000000000800102        0x0 /usr/local/Cellar/avr-gcc/6.2.0/lib/gcc/avr/6.2.0/../../../../avr/lib/avr51/libm.a(mulsf3x.o)
 .data          0x0000000000800102        0x0 /usr/local/Cellar/avr-gcc/6.2.0/lib/gcc/avr/6.2.0/../../../../avr/lib/avr51/libm.a(square.o)
 .data          0x0000000000800102        0x0 /usr/local/Cellar/avr-gcc/6.2.0/lib/gcc/avr/6.2.0/avr51/libgcc.a(_divmodhi4.o)
 .data          0x0000000000800102        0x0 /usr/local/Cellar/avr-gcc/6.2.0/lib/gcc/avr/6.2.0/avr51/libgcc.a(_exit.o)
 .data          0x0000000000800102        0x0 /usr/local/Cellar/avr-gcc/6.2.0/lib/gcc/avr/6.2.0/avr51/libgcc.a(_copy_data.o)
 .data          0x0000000000800102        0x0 /usr/local/Cellar/avr-gcc/6.2.0/lib/gcc/avr/6.2.0/avr51/libgcc.a(_clear_bss.o)
 .data          0x0000000000800102        0x0 /usr/local/Cellar/avr-gcc/6.2.0/lib/gcc/avr/6.2.0/avr51/libgcc.a(_udivmodhi4.o)
 .data          0x0000000000800102        0x0 /usr/local/Cellar/avr-gcc/6.2.0/lib/gcc/avr/6.2.0/../../../../avr/lib/avr51/libc.a(dtostrf.o)
 .data          0x0000000000800102        0x0 /usr/local/Cellar/avr-gcc/6.2.0/lib/gcc/avr/6.2.0/../../../../avr/lib/avr51/libc.a(strcmp.o)
 .data          0x0000000000800102        0x0 /usr/local/Cellar/avr-gcc/6.2.0/lib/gcc/avr/6.2.0/../../../../avr/lib/avr51/libc.a(dtoa_prf.o)
 .data          0x0000000000800102        0x0 /usr/local/Cellar/avr-gcc/6.2.0/lib/gcc/avr/6.2.0/../../../../avr/lib/avr51/libc.a(ftoa_engine.o)
 *(.data*)
 *(.rodata)
 *(.rodata*)
 .rodata.str1.1
                0x0000000000800102      0x22e main.o
                                        0x231 (size before relaxing)
 .rodata.str1.1
                0x0000000000800330        0xf ../../lib/uart/uart.o
 *(.gnu.linkonce.d*)
                0x0000000000800340                . = ALIGN (0x2)
 *fill*         0x000000000080033f        0x1 
                0x0000000000800340                _edata = .
                0x0000000000800340                PROVIDE (__data_end, .)

.bss            0x0000000000800340       0x10
                0x0000000000800340                PROVIDE (__bss_start, .)
 *(.bss)
 .bss           0x0000000000800340        0x0 /usr/local/Cellar/avr-gcc/6.2.0/lib/gcc/avr/6.2.0/../../../../avr/lib/avr51/crtatmega128.o
 .bss           0x0000000000800340        0x2 main.o
                0x0000000000800340                object_detected
 .bss           0x0000000000800342        0x0 ../../lib/I2C-master-lib/i2c_master.o
 .bss           0x0000000000800342        0x0 ../../lib/adc/adc.o
 .bss           0x0000000000800342        0x0 ../../lib/lcd/lcd.o
 .bss           0x0000000000800342        0x0 ../../lib/uart/uart.o
 .bss           0x0000000000800342        0x0 ../../lib/motors/motors.o
 .bss           0x0000000000800342        0x0 ../../lib/magnometer/magnometer.o
 .bss           0x0000000000800342        0x0 ../../lib/lasersensor/lasersensor.o
 .bss           0x0000000000800342        0x0 ../../lib/pressuresensor/pressuresensor.o
 .bss           0x0000000000800342        0x0 /usr/local/Cellar/avr-gcc/6.2.0/lib/gcc/avr/6.2.0/../../../../avr/lib/avr51/libm.a(addsf3.o)
 .bss           0x0000000000800342        0x0 /usr/local/Cellar/avr-gcc/6.2.0/lib/gcc/avr/6.2.0/../../../../avr/lib/avr51/libm.a(addsf3x.o)
 .bss           0x0000000000800342        0x0 /usr/local/Cellar/avr-gcc/6.2.0/lib/gcc/avr/6.2.0/../../../../avr/lib/avr51/libm.a(atan2.o)
 .bss           0x0000000000800342        0x0 /usr/local/Cellar/avr-gcc/6.2.0/lib/gcc/avr/6.2.0/../../../../avr/lib/avr51/libm.a(atan.o)
 .bss           0x0000000000800342        0x0 /usr/local/Cellar/avr-gcc/6.2.0/lib/gcc/avr/6.2.0/../../../../avr/lib/avr51/libm.a(cmpsf2.o)
 .bss           0x0000000000800342        0x0 /usr/local/Cellar/avr-gcc/6.2.0/lib/gcc/avr/6.2.0/../../../../avr/lib/avr51/libm.a(divsf3.o)
 .bss           0x0000000000800342        0x0 /usr/local/Cellar/avr-gcc/6.2.0/lib/gcc/avr/6.2.0/../../../../avr/lib/avr51/libm.a(divsf3x.o)
 .bss           0x0000000000800342        0x0 /usr/local/Cellar/avr-gcc/6.2.0/lib/gcc/avr/6.2.0/../../../../avr/lib/avr51/libm.a(fixsfsi.o)
 .bss           0x0000000000800342        0x0 /usr/local/Cellar/avr-gcc/6.2.0/lib/gcc/avr/6.2.0/../../../../avr/lib/avr51/libm.a(fixunssfsi.o)
 .bss           0x0000000000800342        0x0 /usr/local/Cellar/avr-gcc/6.2.0/lib/gcc/avr/6.2.0/../../../../avr/lib/avr51/libm.a(floatsisf.o)
 .bss           0x0000000000800342        0x0 /usr/local/Cellar/avr-gcc/6.2.0/lib/gcc/avr/6.2.0/../../../../avr/lib/avr51/libm.a(fp_cmp.o)
 .bss           0x0000000000800342        0x0 /usr/local/Cellar/avr-gcc/6.2.0/lib/gcc/avr/6.2.0/../../../../avr/lib/avr51/libm.a(fp_inf.o)
 .bss           0x0000000000800342        0x0 /usr/local/Cellar/avr-gcc/6.2.0/lib/gcc/avr/6.2.0/../../../../avr/lib/avr51/libm.a(fp_nan.o)
 .bss           0x0000000000800342        0x0 /usr/local/Cellar/avr-gcc/6.2.0/lib/gcc/avr/6.2.0/../../../../avr/lib/avr51/libm.a(fp_powser.o)
 .bss           0x0000000000800342        0x0 /usr/local/Cellar/avr-gcc/6.2.0/lib/gcc/avr/6.2.0/../../../../avr/lib/avr51/libm.a(fp_pscA.o)
 .bss           0x0000000000800342        0x0 /usr/local/Cellar/avr-gcc/6.2.0/lib/gcc/avr/6.2.0/../../../../avr/lib/avr51/libm.a(fp_pscB.o)
 .bss           0x0000000000800342        0x0 /usr/local/Cellar/avr-gcc/6.2.0/lib/gcc/avr/6.2.0/../../../../avr/lib/avr51/libm.a(fp_round.o)
 .bss           0x0000000000800342        0x0 /usr/local/Cellar/avr-gcc/6.2.0/lib/gcc/avr/6.2.0/../../../../avr/lib/avr51/libm.a(fp_split3.o)
 .bss           0x0000000000800342        0x0 /usr/local/Cellar/avr-gcc/6.2.0/lib/gcc/avr/6.2.0/../../../../avr/lib/avr51/libm.a(fp_zero.o)
 .bss           0x0000000000800342        0x0 /usr/local/Cellar/avr-gcc/6.2.0/lib/gcc/avr/6.2.0/../../../../avr/lib/avr51/libm.a(gesf2.o)
 .bss           0x0000000000800342        0x0 /usr/local/Cellar/avr-gcc/6.2.0/lib/gcc/avr/6.2.0/../../../../avr/lib/avr51/libm.a(inverse.o)
 .bss           0x0000000000800342        0x0 /usr/local/Cellar/avr-gcc/6.2.0/lib/gcc/avr/6.2.0/../../../../avr/lib/avr51/libm.a(mulsf3.o)
 .bss           0x0000000000800342        0x0 /usr/local/Cellar/avr-gcc/6.2.0/lib/gcc/avr/6.2.0/../../../../avr/lib/avr51/libm.a(mulsf3x.o)
 .bss           0x0000000000800342        0x0 /usr/local/Cellar/avr-gcc/6.2.0/lib/gcc/avr/6.2.0/../../../../avr/lib/avr51/libm.a(square.o)
 .bss           0x0000000000800342        0x0 /usr/local/Cellar/avr-gcc/6.2.0/lib/gcc/avr/6.2.0/avr51/libgcc.a(_divmodhi4.o)
 .bss           0x0000000000800342        0x0 /usr/local/Cellar/avr-gcc/6.2.0/lib/gcc/avr/6.2.0/avr51/libgcc.a(_exit.o)
 .bss           0x0000000000800342        0x0 /usr/local/Cellar/avr-gcc/6.2.0/lib/gcc/avr/6.2.0/avr51/libgcc.a(_copy_data.o)
 .bss           0x0000000000800342        0x0 /usr/local/Cellar/avr-gcc/6.2.0/lib/gcc/avr/6.2.0/avr51/libgcc.a(_clear_bss.o)
 .bss           0x0000000000800342        0x0 /usr/local/Cellar/avr-gcc/6.2.0/lib/gcc/avr/6.2.0/avr51/libgcc.a(_udivmodhi4.o)
 .bss           0x0000000000800342        0x0 /usr/local/Cellar/avr-gcc/6.2.0/lib/gcc/avr/6.2.0/../../../../avr/lib/avr51/libc.a(dtostrf.o)
 .bss           0x0000000000800342        0x0 /usr/local/Cellar/avr-gcc/6.2.0/lib/gcc/avr/6.2.0/../../../../avr/lib/avr51/libc.a(strcmp.o)
 .bss           0x0000000000800342        0x0 /usr/local/Cellar/avr-gcc/6.2.0/lib/gcc/avr/6.2.0/../../../../avr/lib/avr51/libc.a(dtoa_prf.o)
 .bss           0x0000000000800342        0x0 /usr/local/Cellar/avr-gcc/6.2.0/lib/gcc/avr/6.2.0/../../../../avr/lib/avr51/libc.a(ftoa_engine.o)
 *(.bss*)
 *(COMMON)
 COMMON         0x0000000000800342        0xe main.o
                0x0000000000800342                PSENSOR_MIN
                0x0000000000800346                buffer
                0x0000000000800350                PROVIDE (__bss_end, .)
                0x0000000000002306                __data_load_start = LOADADDR (.data)
                0x0000000000002546                __data_load_end = (__data_load_start + SIZEOF (.data))

.noinit         0x0000000000800350        0x0
                0x0000000000800350                PROVIDE (__noinit_start, .)
 *(.noinit*)
                0x0000000000800350                PROVIDE (__noinit_end, .)
                0x0000000000800350                _end = .
                0x0000000000800350                PROVIDE (__heap_start, .)

.eeprom         0x0000000000810000        0x0
 *(.eeprom*)
                0x0000000000810000                __eeprom_end = .

.fuse
 *(.fuse)
 *(.lfuse)
 *(.hfuse)
 *(.efuse)

.lock
 *(.lock*)

.signature
 *(.signature*)

.stab           0x0000000000000000     0x4e0c
 *(.stab)
 .stab          0x0000000000000000     0x12d8 main.o
 .stab          0x00000000000012d8      0xa44 ../../lib/I2C-master-lib/i2c_master.o
                                        0xc0c (size before relaxing)
 .stab          0x0000000000001d1c      0x4bc ../../lib/adc/adc.o
                                        0x684 (size before relaxing)
 .stab          0x00000000000021d8      0x9d8 ../../lib/lcd/lcd.o
                                        0xbc4 (size before relaxing)
 .stab          0x0000000000002bb0      0x9b4 ../../lib/uart/uart.o
                                        0xba0 (size before relaxing)
 .stab          0x0000000000003564      0x6c0 ../../lib/motors/motors.o
                                        0x948 (size before relaxing)
 .stab          0x0000000000003c24      0x4a4 ../../lib/magnometer/magnometer.o
                                        0x66c (size before relaxing)
 .stab          0x00000000000040c8      0x4b0 ../../lib/lasersensor/lasersensor.o
                                        0x678 (size before relaxing)
 .stab          0x0000000000004578      0x3f0 ../../lib/pressuresensor/pressuresensor.o
                                        0x5b8 (size before relaxing)
 .stab          0x0000000000004968      0x138 /usr/local/Cellar/avr-gcc/6.2.0/lib/gcc/avr/6.2.0/avr51/libgcc.a(_divmodhi4.o)
                                        0x144 (size before relaxing)
 .stab          0x0000000000004aa0       0x6c /usr/local/Cellar/avr-gcc/6.2.0/lib/gcc/avr/6.2.0/avr51/libgcc.a(_exit.o)
                                         0x78 (size before relaxing)
 .stab          0x0000000000004b0c       0xf0 /usr/local/Cellar/avr-gcc/6.2.0/lib/gcc/avr/6.2.0/avr51/libgcc.a(_copy_data.o)
                                         0xfc (size before relaxing)
 .stab          0x0000000000004bfc       0xb4 /usr/local/Cellar/avr-gcc/6.2.0/lib/gcc/avr/6.2.0/avr51/libgcc.a(_clear_bss.o)
                                         0xc0 (size before relaxing)
 .stab          0x0000000000004cb0      0x15c /usr/local/Cellar/avr-gcc/6.2.0/lib/gcc/avr/6.2.0/avr51/libgcc.a(_udivmodhi4.o)
                                        0x168 (size before relaxing)

.stabstr        0x0000000000000000     0x1b66
 *(.stabstr)
 .stabstr       0x0000000000000000     0x1b66 main.o

.stab.excl
 *(.stab.excl)

.stab.exclstr
 *(.stab.exclstr)

.stab.index
 *(.stab.index)

.stab.indexstr
 *(.stab.indexstr)

.comment        0x0000000000000000       0x11
 *(.comment)
 .comment       0x0000000000000000       0x11 main.o
                                         0x12 (size before relaxing)
 .comment       0x0000000000000011       0x12 ../../lib/I2C-master-lib/i2c_master.o
 .comment       0x0000000000000011       0x12 ../../lib/adc/adc.o
 .comment       0x0000000000000011       0x12 ../../lib/lcd/lcd.o
 .comment       0x0000000000000011       0x12 ../../lib/uart/uart.o
 .comment       0x0000000000000011       0x12 ../../lib/motors/motors.o
 .comment       0x0000000000000011       0x12 ../../lib/magnometer/magnometer.o
 .comment       0x0000000000000011       0x12 ../../lib/lasersensor/lasersensor.o
 .comment       0x0000000000000011       0x12 ../../lib/pressuresensor/pressuresensor.o
 .comment       0x0000000000000011       0x12 /usr/local/Cellar/avr-gcc/6.2.0/lib/gcc/avr/6.2.0/../../../../avr/lib/avr51/libc.a(dtostrf.o)
 .comment       0x0000000000000011       0x12 /usr/local/Cellar/avr-gcc/6.2.0/lib/gcc/avr/6.2.0/../../../../avr/lib/avr51/libc.a(dtoa_prf.o)

.note.gnu.avr.deviceinfo
                0x0000000000000000       0x3c
 .note.gnu.avr.deviceinfo
                0x0000000000000000       0x3c /usr/local/Cellar/avr-gcc/6.2.0/lib/gcc/avr/6.2.0/../../../../avr/lib/avr51/crtatmega128.o

.note.gnu.build-id
 *(.note.gnu.build-id)

.debug
 *(.debug)

.line
 *(.line)

.debug_srcinfo
 *(.debug_srcinfo)

.debug_sfnames
 *(.debug_sfnames)

.debug_aranges
 *(.debug_aranges)

.debug_pubnames
 *(.debug_pubnames)

.debug_info     0x0000000000000000      0x780
 *(.debug_info .gnu.linkonce.wi.*)
 .debug_info    0x0000000000000000      0x780 /usr/local/Cellar/avr-gcc/6.2.0/lib/gcc/avr/6.2.0/../../../../avr/lib/avr51/crtatmega128.o

.debug_abbrev   0x0000000000000000      0x718
 *(.debug_abbrev)
 .debug_abbrev  0x0000000000000000      0x718 /usr/local/Cellar/avr-gcc/6.2.0/lib/gcc/avr/6.2.0/../../../../avr/lib/avr51/crtatmega128.o

.debug_line     0x0000000000000000       0x1d
 *(.debug_line .debug_line.* .debug_line_end)
 .debug_line    0x0000000000000000       0x1d /usr/local/Cellar/avr-gcc/6.2.0/lib/gcc/avr/6.2.0/../../../../avr/lib/avr51/crtatmega128.o

.debug_frame
 *(.debug_frame)

.debug_str      0x0000000000000000      0x27d
 *(.debug_str)
 .debug_str     0x0000000000000000      0x27d /usr/local/Cellar/avr-gcc/6.2.0/lib/gcc/avr/6.2.0/../../../../avr/lib/avr51/crtatmega128.o

.debug_loc
 *(.debug_loc)

.debug_macinfo
 *(.debug_macinfo)

.debug_weaknames
 *(.debug_weaknames)

.debug_funcnames
 *(.debug_funcnames)

.debug_typenames
 *(.debug_typenames)

.debug_varnames
 *(.debug_varnames)

.debug_pubtypes
 *(.debug_pubtypes)

.debug_ranges
 *(.debug_ranges)

.debug_macro
 *(.debug_macro)
OUTPUT(main.elf elf32-avr)
LOAD linker stubs
