Archive member included to satisfy reference by file (symbol)

/usr/local/Cellar/avr-gcc/6.2.0/lib/gcc/avr/6.2.0/../../../../avr/lib/avr51/libm.a(addsf3.o)
                              ../../lib/pressuresensor/pressuresensor.o (__subsf3)
/usr/local/Cellar/avr-gcc/6.2.0/lib/gcc/avr/6.2.0/../../../../avr/lib/avr51/libm.a(addsf3x.o)
                              /usr/local/Cellar/avr-gcc/6.2.0/lib/gcc/avr/6.2.0/../../../../avr/lib/avr51/libm.a(addsf3.o) (__addsf3x)
/usr/local/Cellar/avr-gcc/6.2.0/lib/gcc/avr/6.2.0/../../../../avr/lib/avr51/libm.a(atan2.o)
                              ../../lib/magnometer/magnometer.o (atan2)
/usr/local/Cellar/avr-gcc/6.2.0/lib/gcc/avr/6.2.0/../../../../avr/lib/avr51/libm.a(atan.o)
                              /usr/local/Cellar/avr-gcc/6.2.0/lib/gcc/avr/6.2.0/../../../../avr/lib/avr51/libm.a(atan2.o) (atan)
/usr/local/Cellar/avr-gcc/6.2.0/lib/gcc/avr/6.2.0/../../../../avr/lib/avr51/libm.a(cmpsf2.o)
                              ../../lib/motors/motors.o (__ltsf2)
/usr/local/Cellar/avr-gcc/6.2.0/lib/gcc/avr/6.2.0/../../../../avr/lib/avr51/libm.a(divsf3.o)
                              ../../lib/motors/motors.o (__divsf3)
/usr/local/Cellar/avr-gcc/6.2.0/lib/gcc/avr/6.2.0/../../../../avr/lib/avr51/libm.a(divsf3x.o)
                              /usr/local/Cellar/avr-gcc/6.2.0/lib/gcc/avr/6.2.0/../../../../avr/lib/avr51/libm.a(divsf3.o) (__divsf3x)
/usr/local/Cellar/avr-gcc/6.2.0/lib/gcc/avr/6.2.0/../../../../avr/lib/avr51/libm.a(fixsfsi.o)
                              main.o (__fixsfsi)
/usr/local/Cellar/avr-gcc/6.2.0/lib/gcc/avr/6.2.0/../../../../avr/lib/avr51/libm.a(fixunssfsi.o)
                              ../../lib/motors/motors.o (__fixunssfsi)
/usr/local/Cellar/avr-gcc/6.2.0/lib/gcc/avr/6.2.0/../../../../avr/lib/avr51/libm.a(floatsisf.o)
                              main.o (__floatunsisf)
/usr/local/Cellar/avr-gcc/6.2.0/lib/gcc/avr/6.2.0/../../../../avr/lib/avr51/libm.a(fp_cmp.o)
                              /usr/local/Cellar/avr-gcc/6.2.0/lib/gcc/avr/6.2.0/../../../../avr/lib/avr51/libm.a(cmpsf2.o) (__fp_cmp)
/usr/local/Cellar/avr-gcc/6.2.0/lib/gcc/avr/6.2.0/../../../../avr/lib/avr51/libm.a(fp_inf.o)
                              /usr/local/Cellar/avr-gcc/6.2.0/lib/gcc/avr/6.2.0/../../../../avr/lib/avr51/libm.a(addsf3x.o) (__fp_inf)
/usr/local/Cellar/avr-gcc/6.2.0/lib/gcc/avr/6.2.0/../../../../avr/lib/avr51/libm.a(fp_nan.o)
                              /usr/local/Cellar/avr-gcc/6.2.0/lib/gcc/avr/6.2.0/../../../../avr/lib/avr51/libm.a(addsf3x.o) (__fp_nan)
/usr/local/Cellar/avr-gcc/6.2.0/lib/gcc/avr/6.2.0/../../../../avr/lib/avr51/libm.a(fp_powser.o)
                              /usr/local/Cellar/avr-gcc/6.2.0/lib/gcc/avr/6.2.0/../../../../avr/lib/avr51/libm.a(atan.o) (__fp_powser)
/usr/local/Cellar/avr-gcc/6.2.0/lib/gcc/avr/6.2.0/../../../../avr/lib/avr51/libm.a(fp_pscA.o)
                              /usr/local/Cellar/avr-gcc/6.2.0/lib/gcc/avr/6.2.0/../../../../avr/lib/avr51/libm.a(addsf3x.o) (__fp_pscA)
/usr/local/Cellar/avr-gcc/6.2.0/lib/gcc/avr/6.2.0/../../../../avr/lib/avr51/libm.a(fp_pscB.o)
                              /usr/local/Cellar/avr-gcc/6.2.0/lib/gcc/avr/6.2.0/../../../../avr/lib/avr51/libm.a(addsf3x.o) (__fp_pscB)
/usr/local/Cellar/avr-gcc/6.2.0/lib/gcc/avr/6.2.0/../../../../avr/lib/avr51/libm.a(fp_round.o)
                              /usr/local/Cellar/avr-gcc/6.2.0/lib/gcc/avr/6.2.0/../../../../avr/lib/avr51/libm.a(addsf3.o) (__fp_round)
/usr/local/Cellar/avr-gcc/6.2.0/lib/gcc/avr/6.2.0/../../../../avr/lib/avr51/libm.a(fp_split3.o)
                              /usr/local/Cellar/avr-gcc/6.2.0/lib/gcc/avr/6.2.0/../../../../avr/lib/avr51/libm.a(addsf3x.o) (__fp_split3)
/usr/local/Cellar/avr-gcc/6.2.0/lib/gcc/avr/6.2.0/../../../../avr/lib/avr51/libm.a(fp_zero.o)
                              /usr/local/Cellar/avr-gcc/6.2.0/lib/gcc/avr/6.2.0/../../../../avr/lib/avr51/libm.a(addsf3x.o) (__fp_zero)
/usr/local/Cellar/avr-gcc/6.2.0/lib/gcc/avr/6.2.0/../../../../avr/lib/avr51/libm.a(gesf2.o)
                              ../../lib/motors/motors.o (__gtsf2)
/usr/local/Cellar/avr-gcc/6.2.0/lib/gcc/avr/6.2.0/../../../../avr/lib/avr51/libm.a(inverse.o)
                              /usr/local/Cellar/avr-gcc/6.2.0/lib/gcc/avr/6.2.0/../../../../avr/lib/avr51/libm.a(atan.o) (inverse)
/usr/local/Cellar/avr-gcc/6.2.0/lib/gcc/avr/6.2.0/../../../../avr/lib/avr51/libm.a(mulsf3.o)
                              ../../lib/adc/adc.o (__mulsf3)
/usr/local/Cellar/avr-gcc/6.2.0/lib/gcc/avr/6.2.0/../../../../avr/lib/avr51/libm.a(mulsf3x.o)
                              /usr/local/Cellar/avr-gcc/6.2.0/lib/gcc/avr/6.2.0/../../../../avr/lib/avr51/libm.a(atan.o) (__mulsf3x)
/usr/local/Cellar/avr-gcc/6.2.0/lib/gcc/avr/6.2.0/../../../../avr/lib/avr51/libm.a(square.o)
                              /usr/local/Cellar/avr-gcc/6.2.0/lib/gcc/avr/6.2.0/../../../../avr/lib/avr51/libm.a(atan.o) (square)
/usr/local/Cellar/avr-gcc/6.2.0/lib/gcc/avr/6.2.0/avr51/libgcc.a(_divmodhi4.o)
                              main.o (__divmodhi4)
/usr/local/Cellar/avr-gcc/6.2.0/lib/gcc/avr/6.2.0/avr51/libgcc.a(_exit.o)
                              /usr/local/Cellar/avr-gcc/6.2.0/lib/gcc/avr/6.2.0/../../../../avr/lib/avr51/crtatmega128.o (exit)
/usr/local/Cellar/avr-gcc/6.2.0/lib/gcc/avr/6.2.0/avr51/libgcc.a(_copy_data.o)
                              main.o (__do_copy_data)
/usr/local/Cellar/avr-gcc/6.2.0/lib/gcc/avr/6.2.0/avr51/libgcc.a(_udivmodhi4.o)
                              /usr/local/Cellar/avr-gcc/6.2.0/lib/gcc/avr/6.2.0/avr51/libgcc.a(_divmodhi4.o) (__udivmodhi4)
/usr/local/Cellar/avr-gcc/6.2.0/lib/gcc/avr/6.2.0/../../../../avr/lib/avr51/libc.a(dtostrf.o)
                              main.o (dtostrf)
/usr/local/Cellar/avr-gcc/6.2.0/lib/gcc/avr/6.2.0/../../../../avr/lib/avr51/libc.a(strcmp.o)
                              main.o (strcmp)
/usr/local/Cellar/avr-gcc/6.2.0/lib/gcc/avr/6.2.0/../../../../avr/lib/avr51/libc.a(dtoa_prf.o)
                              /usr/local/Cellar/avr-gcc/6.2.0/lib/gcc/avr/6.2.0/../../../../avr/lib/avr51/libc.a(dtostrf.o) (dtoa_prf)
/usr/local/Cellar/avr-gcc/6.2.0/lib/gcc/avr/6.2.0/../../../../avr/lib/avr51/libc.a(ftoa_engine.o)
                              /usr/local/Cellar/avr-gcc/6.2.0/lib/gcc/avr/6.2.0/../../../../avr/lib/avr51/libc.a(dtoa_prf.o) (__ftoa_engine)

Memory Configuration

Name             Origin             Length             Attributes
text             0x0000000000000000 0x0000000000020000 xr
data             0x0000000000800100 0x000000000000ff00 rw !x
eeprom           0x0000000000810000 0x0000000000010000 rw !x
fuse             0x0000000000820000 0x0000000000000400 rw !x
lock             0x0000000000830000 0x0000000000000400 rw !x
signature        0x0000000000840000 0x0000000000000400 rw !x
*default*        0x0000000000000000 0xffffffffffffffff

Linker script and memory map

Address of section .data set to 0x800100
LOAD /usr/local/Cellar/avr-gcc/6.2.0/lib/gcc/avr/6.2.0/../../../../avr/lib/avr51/crtatmega128.o
LOAD main.o
LOAD ../../lib/I2C-master-lib/i2c_master.o
LOAD ../../lib/adc/adc.o
LOAD ../../lib/lcd/lcd.o
LOAD ../../lib/uart/uart.o
LOAD ../../lib/motors/motors.o
LOAD ../../lib/magnometer/magnometer.o
LOAD ../../lib/lasersensor/lasersensor.o
LOAD ../../lib/pressuresensor/pressuresensor.o
LOAD /usr/local/Cellar/avr-gcc/6.2.0/lib/gcc/avr/6.2.0/../../../../avr/lib/avr51/libm.a
START GROUP
LOAD /usr/local/Cellar/avr-gcc/6.2.0/lib/gcc/avr/6.2.0/avr51/libgcc.a
LOAD /usr/local/Cellar/avr-gcc/6.2.0/lib/gcc/avr/6.2.0/../../../../avr/lib/avr51/libm.a
LOAD /usr/local/Cellar/avr-gcc/6.2.0/lib/gcc/avr/6.2.0/../../../../avr/lib/avr51/libc.a
LOAD /usr/local/Cellar/avr-gcc/6.2.0/lib/gcc/avr/6.2.0/../../../../avr/lib/avr51/libatmega128.a
END GROUP

.hash
 *(.hash)

.dynsym
 *(.dynsym)

.dynstr
 *(.dynstr)

.gnu.version
 *(.gnu.version)

.gnu.version_d
 *(.gnu.version_d)

.gnu.version_r
 *(.gnu.version_r)

.rel.init
 *(.rel.init)

.rela.init
 *(.rela.init)

.rel.text
 *(.rel.text)
 *(.rel.text.*)
 *(.rel.gnu.linkonce.t*)

.rela.text
 *(.rela.text)
 *(.rela.text.*)
 *(.rela.gnu.linkonce.t*)

.rel.fini
 *(.rel.fini)

.rela.fini
 *(.rela.fini)

.rel.rodata
 *(.rel.rodata)
 *(.rel.rodata.*)
 *(.rel.gnu.linkonce.r*)

.rela.rodata
 *(.rela.rodata)
 *(.rela.rodata.*)
 *(.rela.gnu.linkonce.r*)

.rel.data
 *(.rel.data)
 *(.rel.data.*)
 *(.rel.gnu.linkonce.d*)

.rela.data
 *(.rela.data)
 *(.rela.data.*)
 *(.rela.gnu.linkonce.d*)

.rel.ctors
 *(.rel.ctors)

.rela.ctors
 *(.rela.ctors)

.rel.dtors
 *(.rel.dtors)

.rela.dtors
 *(.rela.dtors)

.rel.got
 *(.rel.got)

.rela.got
 *(.rela.got)

.rel.bss
 *(.rel.bss)

.rela.bss
 *(.rela.bss)

.rel.plt
 *(.rel.plt)

.rela.plt
 *(.rela.plt)

.text           0x0000000000000000     0x1b68
 *(.vectors)
 .vectors       0x0000000000000000       0x8c /usr/local/Cellar/avr-gcc/6.2.0/lib/gcc/avr/6.2.0/../../../../avr/lib/avr51/crtatmega128.o
                0x0000000000000000                __vectors
                0x0000000000000000                __vector_default
 *(.vectors)
 *(.progmem.gcc*)
 .progmem.gcc_fplib
                0x000000000000008c       0x2d /usr/local/Cellar/avr-gcc/6.2.0/lib/gcc/avr/6.2.0/../../../../avr/lib/avr51/libm.a(atan.o)
                0x00000000000000ba                . = ALIGN (0x2)
 *fill*         0x00000000000000b9        0x1 
                0x00000000000000ba                __trampolines_start = .
 *(.trampolines)
 .trampolines   0x00000000000000ba        0x0 linker stubs
 *(.trampolines*)
                0x00000000000000ba                __trampolines_end = .
 *(.progmem*)
 .progmem.data  0x00000000000000ba       0xfa /usr/local/Cellar/avr-gcc/6.2.0/lib/gcc/avr/6.2.0/../../../../avr/lib/avr51/libc.a(ftoa_engine.o)
                0x00000000000001b4                . = ALIGN (0x2)
 *(.jumptables)
 *(.jumptables*)
 *(.lowtext)
 *(.lowtext*)
                0x00000000000001b4                __ctors_start = .
 *(.ctors)
                0x00000000000001b4                __ctors_end = .
                0x00000000000001b4                __dtors_start = .
 *(.dtors)
                0x00000000000001b4                __dtors_end = .
 SORT(*)(.ctors)
 SORT(*)(.dtors)
 *(.init0)
 .init0         0x00000000000001b4        0x0 /usr/local/Cellar/avr-gcc/6.2.0/lib/gcc/avr/6.2.0/../../../../avr/lib/avr51/crtatmega128.o
                0x00000000000001b4                __init
 *(.init0)
 *(.init1)
 *(.init1)
 *(.init2)
 .init2         0x00000000000001b4        0xc /usr/local/Cellar/avr-gcc/6.2.0/lib/gcc/avr/6.2.0/../../../../avr/lib/avr51/crtatmega128.o
 *(.init2)
 *(.init3)
 *(.init3)
 *(.init4)
 .init4         0x00000000000001c0       0x1a /usr/local/Cellar/avr-gcc/6.2.0/lib/gcc/avr/6.2.0/avr51/libgcc.a(_copy_data.o)
                0x00000000000001c0                __do_copy_data
 *(.init4)
 *(.init5)
 *(.init5)
 *(.init6)
 *(.init6)
 *(.init7)
 *(.init7)
 *(.init8)
 *(.init8)
 *(.init9)
 .init9         0x00000000000001da        0x8 /usr/local/Cellar/avr-gcc/6.2.0/lib/gcc/avr/6.2.0/../../../../avr/lib/avr51/crtatmega128.o
 *(.init9)
 *(.text)
 .text          0x00000000000001e2        0x4 /usr/local/Cellar/avr-gcc/6.2.0/lib/gcc/avr/6.2.0/../../../../avr/lib/avr51/crtatmega128.o
                0x00000000000001e2                __vector_20
                0x00000000000001e2                __vector_28
                0x00000000000001e2                __vector_1
                0x00000000000001e2                __vector_32
                0x00000000000001e2                __vector_34
                0x00000000000001e2                __vector_24
                0x00000000000001e2                __vector_12
                0x00000000000001e2                __bad_interrupt
                0x00000000000001e2                __vector_6
                0x00000000000001e2                __vector_31
                0x00000000000001e2                __vector_3
                0x00000000000001e2                __vector_23
                0x00000000000001e2                __vector_30
                0x00000000000001e2                __vector_25
                0x00000000000001e2                __vector_11
                0x00000000000001e2                __vector_13
                0x00000000000001e2                __vector_17
                0x00000000000001e2                __vector_19
                0x00000000000001e2                __vector_7
                0x00000000000001e2                __vector_27
                0x00000000000001e2                __vector_5
                0x00000000000001e2                __vector_33
                0x00000000000001e2                __vector_4
                0x00000000000001e2                __vector_9
                0x00000000000001e2                __vector_2
                0x00000000000001e2                __vector_21
                0x00000000000001e2                __vector_15
                0x00000000000001e2                __vector_29
                0x00000000000001e2                __vector_8
                0x00000000000001e2                __vector_26
                0x00000000000001e2                __vector_14
                0x00000000000001e2                __vector_10
                0x00000000000001e2                __vector_16
                0x00000000000001e2                __vector_18
                0x00000000000001e2                __vector_22
 .text          0x00000000000001e6      0x234 main.o
                0x00000000000001e6                path1
                0x0000000000000338                path2
                0x000000000000033a                path3
                0x000000000000033c                turn
 .text          0x000000000000041a      0x28e ../../lib/I2C-master-lib/i2c_master.o
                0x000000000000041a                i2c_init
                0x0000000000000422                i2c_start
                0x0000000000000466                i2c_write
                0x000000000000048a                i2c_read_ack
                0x000000000000049e                i2c_read_nack
                0x00000000000004b2                i2c_transmit
                0x0000000000000510                i2c_receive
                0x0000000000000580                i2c_writeReg
                0x0000000000000600                i2c_readReg
                0x00000000000006a0                i2c_stop
 .text          0x00000000000006a8       0x92 ../../lib/adc/adc.o
                0x00000000000006a8                enable_adc
                0x00000000000006c4                read_adc
                0x000000000000070e                get_voltage
 .text          0x000000000000073a      0x232 ../../lib/lcd/lcd.o
                0x000000000000073a                strobe_lcd
                0x000000000000074c                clear_display
                0x0000000000000780                home_line2
                0x00000000000007ac                char2lcd
                0x00000000000007d8                string2lcd
                0x0000000000000836                spi_init
                0x0000000000000854                lcd_init
 .text          0x000000000000096c      0x1a8 ../../lib/uart/uart.o
                0x000000000000096c                USART1_Init
                0x0000000000000994                USART1_Transmit
                0x00000000000009a2                USART1_send_string
                0x00000000000009c0                USART1_Receive
                0x00000000000009ce                USART1_Receive_String
                0x0000000000000a16                USART1_flush
                0x0000000000000a50                USART0_Init
                0x0000000000000a74                USART0_Transmit
                0x0000000000000a7c                USART0_send_string
                0x0000000000000a94                USART0_Receive
                0x0000000000000ab2                USART0_Receive_String
                0x0000000000000b08                USART0_flush
 .text          0x0000000000000b14      0x22a ../../lib/motors/motors.o
                0x0000000000000b14                init_esc
                0x0000000000000b40                set_16bitPWM1
                0x0000000000000b90                init_motors
                0x0000000000000bbe                TIM16_WriteTCNT1
                0x0000000000000bce                move
 .text          0x0000000000000d3e      0x120 ../../lib/magnometer/magnometer.o
                0x0000000000000d3e                init_HMC5883L
                0x0000000000000d80                getHeading
 .text          0x0000000000000e5e       0x40 ../../lib/lasersensor/lasersensor.o
                0x0000000000000e5e                get_distance
                0x0000000000000e66                print_distance
                0x0000000000000e6e                enable_laser_sensor
                0x0000000000000e8a                disable_laser_sensor
                0x0000000000000e96                laser_off
                0x0000000000000e9a                laser_on
 .text          0x0000000000000e9e       0x68 ../../lib/pressuresensor/pressuresensor.o
                0x0000000000000e9e                get_depth_mpa
                0x0000000000000ecc                get_depth_feet
 .text          0x0000000000000f06        0x0 /usr/local/Cellar/avr-gcc/6.2.0/lib/gcc/avr/6.2.0/../../../../avr/lib/avr51/libm.a(addsf3.o)
 .text          0x0000000000000f06        0x0 /usr/local/Cellar/avr-gcc/6.2.0/lib/gcc/avr/6.2.0/../../../../avr/lib/avr51/libm.a(addsf3x.o)
 .text          0x0000000000000f06        0x0 /usr/local/Cellar/avr-gcc/6.2.0/lib/gcc/avr/6.2.0/../../../../avr/lib/avr51/libm.a(atan2.o)
 .text          0x0000000000000f06        0x0 /usr/local/Cellar/avr-gcc/6.2.0/lib/gcc/avr/6.2.0/../../../../avr/lib/avr51/libm.a(atan.o)
 .text          0x0000000000000f06        0x0 /usr/local/Cellar/avr-gcc/6.2.0/lib/gcc/avr/6.2.0/../../../../avr/lib/avr51/libm.a(cmpsf2.o)
 .text          0x0000000000000f06        0x0 /usr/local/Cellar/avr-gcc/6.2.0/lib/gcc/avr/6.2.0/../../../../avr/lib/avr51/libm.a(divsf3.o)
 .text          0x0000000000000f06        0x0 /usr/local/Cellar/avr-gcc/6.2.0/lib/gcc/avr/6.2.0/../../../../avr/lib/avr51/libm.a(divsf3x.o)
 .text          0x0000000000000f06        0x0 /usr/local/Cellar/avr-gcc/6.2.0/lib/gcc/avr/6.2.0/../../../../avr/lib/avr51/libm.a(fixsfsi.o)
 .text          0x0000000000000f06        0x0 /usr/local/Cellar/avr-gcc/6.2.0/lib/gcc/avr/6.2.0/../../../../avr/lib/avr51/libm.a(fixunssfsi.o)
 .text          0x0000000000000f06        0x0 /usr/local/Cellar/avr-gcc/6.2.0/lib/gcc/avr/6.2.0/../../../../avr/lib/avr51/libm.a(floatsisf.o)
 .text          0x0000000000000f06        0x0 /usr/local/Cellar/avr-gcc/6.2.0/lib/gcc/avr/6.2.0/../../../../avr/lib/avr51/libm.a(fp_cmp.o)
 .text          0x0000000000000f06        0x0 /usr/local/Cellar/avr-gcc/6.2.0/lib/gcc/avr/6.2.0/../../../../avr/lib/avr51/libm.a(fp_inf.o)
 .text          0x0000000000000f06        0x0 /usr/local/Cellar/avr-gcc/6.2.0/lib/gcc/avr/6.2.0/../../../../avr/lib/avr51/libm.a(fp_nan.o)
 .text          0x0000000000000f06        0x0 /usr/local/Cellar/avr-gcc/6.2.0/lib/gcc/avr/6.2.0/../../../../avr/lib/avr51/libm.a(fp_powser.o)
 .text          0x0000000000000f06        0x0 /usr/local/Cellar/avr-gcc/6.2.0/lib/gcc/avr/6.2.0/../../../../avr/lib/avr51/libm.a(fp_pscA.o)
 .text          0x0000000000000f06        0x0 /usr/local/Cellar/avr-gcc/6.2.0/lib/gcc/avr/6.2.0/../../../../avr/lib/avr51/libm.a(fp_pscB.o)
 .text          0x0000000000000f06        0x0 /usr/local/Cellar/avr-gcc/6.2.0/lib/gcc/avr/6.2.0/../../../../avr/lib/avr51/libm.a(fp_round.o)
 .text          0x0000000000000f06        0x0 /usr/local/Cellar/avr-gcc/6.2.0/lib/gcc/avr/6.2.0/../../../../avr/lib/avr51/libm.a(fp_split3.o)
 .text          0x0000000000000f06        0x0 /usr/local/Cellar/avr-gcc/6.2.0/lib/gcc/avr/6.2.0/../../../../avr/lib/avr51/libm.a(fp_zero.o)
 .text          0x0000000000000f06        0x0 /usr/local/Cellar/avr-gcc/6.2.0/lib/gcc/avr/6.2.0/../../../../avr/lib/avr51/libm.a(gesf2.o)
 .text          0x0000000000000f06        0x0 /usr/local/Cellar/avr-gcc/6.2.0/lib/gcc/avr/6.2.0/../../../../avr/lib/avr51/libm.a(inverse.o)
 .text          0x0000000000000f06        0x0 /usr/local/Cellar/avr-gcc/6.2.0/lib/gcc/avr/6.2.0/../../../../avr/lib/avr51/libm.a(mulsf3.o)
 .text          0x0000000000000f06        0x0 /usr/local/Cellar/avr-gcc/6.2.0/lib/gcc/avr/6.2.0/../../../../avr/lib/avr51/libm.a(mulsf3x.o)
 .text          0x0000000000000f06        0x0 /usr/local/Cellar/avr-gcc/6.2.0/lib/gcc/avr/6.2.0/../../../../avr/lib/avr51/libm.a(square.o)
 .text          0x0000000000000f06        0x0 /usr/local/Cellar/avr-gcc/6.2.0/lib/gcc/avr/6.2.0/avr51/libgcc.a(_divmodhi4.o)
 .text          0x0000000000000f06        0x0 /usr/local/Cellar/avr-gcc/6.2.0/lib/gcc/avr/6.2.0/avr51/libgcc.a(_exit.o)
 .text          0x0000000000000f06        0x0 /usr/local/Cellar/avr-gcc/6.2.0/lib/gcc/avr/6.2.0/avr51/libgcc.a(_copy_data.o)
 .text          0x0000000000000f06        0x0 /usr/local/Cellar/avr-gcc/6.2.0/lib/gcc/avr/6.2.0/avr51/libgcc.a(_udivmodhi4.o)
 .text          0x0000000000000f06        0x0 /usr/local/Cellar/avr-gcc/6.2.0/lib/gcc/avr/6.2.0/../../../../avr/lib/avr51/libc.a(dtostrf.o)
 .text          0x0000000000000f06        0x0 /usr/local/Cellar/avr-gcc/6.2.0/lib/gcc/avr/6.2.0/../../../../avr/lib/avr51/libc.a(strcmp.o)
 .text          0x0000000000000f06        0x0 /usr/local/Cellar/avr-gcc/6.2.0/lib/gcc/avr/6.2.0/../../../../avr/lib/avr51/libc.a(dtoa_prf.o)
 .text          0x0000000000000f06        0x0 /usr/local/Cellar/avr-gcc/6.2.0/lib/gcc/avr/6.2.0/../../../../avr/lib/avr51/libc.a(ftoa_engine.o)
                0x0000000000000f06                . = ALIGN (0x2)
 *(.text.*)
 .text.startup  0x0000000000000f06      0x144 main.o
                0x0000000000000f06                main
 .text.avr-libc.fplib
                0x000000000000104a        0xe /usr/local/Cellar/avr-gcc/6.2.0/lib/gcc/avr/6.2.0/../../../../avr/lib/avr51/libm.a(addsf3.o)
                0x000000000000104a                __subsf3
                0x000000000000104c                __addsf3
 .text.avr-libc.fplib
                0x0000000000001058       0xcc /usr/local/Cellar/avr-gcc/6.2.0/lib/gcc/avr/6.2.0/../../../../avr/lib/avr51/libm.a(addsf3x.o)
                0x000000000000107a                __addsf3x
 .text.avr-libc.fplib
                0x0000000000001124       0x86 /usr/local/Cellar/avr-gcc/6.2.0/lib/gcc/avr/6.2.0/../../../../avr/lib/avr51/libm.a(atan2.o)
                0x000000000000114a                atan2
 .text.avr-libc.fplib
                0x00000000000011aa       0x5e /usr/local/Cellar/avr-gcc/6.2.0/lib/gcc/avr/6.2.0/../../../../avr/lib/avr51/libm.a(atan.o)
                0x00000000000011aa                atan
 .text.avr-libc.fplib
                0x0000000000001208        0xa /usr/local/Cellar/avr-gcc/6.2.0/lib/gcc/avr/6.2.0/../../../../avr/lib/avr51/libm.a(cmpsf2.o)
                0x0000000000001208                __lesf2
                0x0000000000001208                __nesf2
                0x0000000000001208                __eqsf2
                0x0000000000001208                __cmpsf2
                0x0000000000001208                __ltsf2
 .text.avr-libc.fplib
                0x0000000000001212        0x8 /usr/local/Cellar/avr-gcc/6.2.0/lib/gcc/avr/6.2.0/../../../../avr/lib/avr51/libm.a(divsf3.o)
                0x0000000000001212                __divsf3
 .text.avr-libc.fplib
                0x000000000000121a       0xdc /usr/local/Cellar/avr-gcc/6.2.0/lib/gcc/avr/6.2.0/../../../../avr/lib/avr51/libm.a(divsf3x.o)
                0x000000000000123a                __divsf3x
                0x0000000000001240                __divsf3_pse
 .text.avr-libc.fplib
                0x00000000000012f6        0xe /usr/local/Cellar/avr-gcc/6.2.0/lib/gcc/avr/6.2.0/../../../../avr/lib/avr51/libm.a(fixsfsi.o)
                0x00000000000012f6                __fixsfsi
 .text.avr-libc.fplib
                0x0000000000001304       0x5e /usr/local/Cellar/avr-gcc/6.2.0/lib/gcc/avr/6.2.0/../../../../avr/lib/avr51/libm.a(fixunssfsi.o)
                0x0000000000001304                __fixunssfsi
 .text.avr-libc.fplib
                0x0000000000001362       0x7a /usr/local/Cellar/avr-gcc/6.2.0/lib/gcc/avr/6.2.0/../../../../avr/lib/avr51/libm.a(floatsisf.o)
                0x0000000000001362                __floatunsisf
                0x0000000000001366                __floatsisf
 .text.avr-libc.fplib
                0x00000000000013dc       0x48 /usr/local/Cellar/avr-gcc/6.2.0/lib/gcc/avr/6.2.0/../../../../avr/lib/avr51/libm.a(fp_cmp.o)
                0x00000000000013dc                __fp_cmp
 .text.avr-libc.fplib
                0x0000000000001424        0xc /usr/local/Cellar/avr-gcc/6.2.0/lib/gcc/avr/6.2.0/../../../../avr/lib/avr51/libm.a(fp_inf.o)
                0x0000000000001424                __fp_inf
 .text.avr-libc.fplib
                0x0000000000001430        0x6 /usr/local/Cellar/avr-gcc/6.2.0/lib/gcc/avr/6.2.0/../../../../avr/lib/avr51/libm.a(fp_nan.o)
                0x0000000000001430                __fp_nan
 .text.avr-libc.fplib
                0x0000000000001436       0x4e /usr/local/Cellar/avr-gcc/6.2.0/lib/gcc/avr/6.2.0/../../../../avr/lib/avr51/libm.a(fp_powser.o)
                0x0000000000001436                __fp_powser
 .text.avr-libc.fplib
                0x0000000000001484        0xe /usr/local/Cellar/avr-gcc/6.2.0/lib/gcc/avr/6.2.0/../../../../avr/lib/avr51/libm.a(fp_pscA.o)
                0x0000000000001484                __fp_pscA
 .text.avr-libc.fplib
                0x0000000000001492        0xe /usr/local/Cellar/avr-gcc/6.2.0/lib/gcc/avr/6.2.0/../../../../avr/lib/avr51/libm.a(fp_pscB.o)
                0x0000000000001492                __fp_pscB
 .text.avr-libc.fplib
                0x00000000000014a0       0x22 /usr/local/Cellar/avr-gcc/6.2.0/lib/gcc/avr/6.2.0/../../../../avr/lib/avr51/libm.a(fp_round.o)
                0x00000000000014a0                __fp_round
 .text.avr-libc.fplib
                0x00000000000014c2       0x44 /usr/local/Cellar/avr-gcc/6.2.0/lib/gcc/avr/6.2.0/../../../../avr/lib/avr51/libm.a(fp_split3.o)
                0x00000000000014c2                __fp_split3
                0x00000000000014d2                __fp_splitA
 .text.avr-libc.fplib
                0x0000000000001506        0xe /usr/local/Cellar/avr-gcc/6.2.0/lib/gcc/avr/6.2.0/../../../../avr/lib/avr51/libm.a(fp_zero.o)
                0x0000000000001506                __fp_zero
                0x0000000000001508                __fp_szero
 .text.avr-libc.fplib
                0x0000000000001514        0xa /usr/local/Cellar/avr-gcc/6.2.0/lib/gcc/avr/6.2.0/../../../../avr/lib/avr51/libm.a(gesf2.o)
                0x0000000000001514                __gtsf2
                0x0000000000001514                __gesf2
 .text.avr-libc.fplib
                0x000000000000151e       0x10 /usr/local/Cellar/avr-gcc/6.2.0/lib/gcc/avr/6.2.0/../../../../avr/lib/avr51/libm.a(inverse.o)
                0x000000000000151e                inverse
 .text.avr-libc.fplib
                0x000000000000152e        0x8 /usr/local/Cellar/avr-gcc/6.2.0/lib/gcc/avr/6.2.0/../../../../avr/lib/avr51/libm.a(mulsf3.o)
                0x000000000000152e                __mulsf3
 .text.avr-libc.fplib
                0x0000000000001536       0xd2 /usr/local/Cellar/avr-gcc/6.2.0/lib/gcc/avr/6.2.0/../../../../avr/lib/avr51/libm.a(mulsf3x.o)
                0x0000000000001554                __mulsf3x
                0x000000000000155a                __mulsf3_pse
 .text.avr-libc.fplib
                0x0000000000001608        0x8 /usr/local/Cellar/avr-gcc/6.2.0/lib/gcc/avr/6.2.0/../../../../avr/lib/avr51/libm.a(square.o)
                0x0000000000001608                square
 .text.libgcc.mul
                0x0000000000001610        0x0 /usr/local/Cellar/avr-gcc/6.2.0/lib/gcc/avr/6.2.0/avr51/libgcc.a(_divmodhi4.o)
 .text.libgcc.div
                0x0000000000001610       0x28 /usr/local/Cellar/avr-gcc/6.2.0/lib/gcc/avr/6.2.0/avr51/libgcc.a(_divmodhi4.o)
                0x0000000000001610                __divmodhi4
                0x0000000000001610                _div
 .text.libgcc   0x0000000000001638        0x0 /usr/local/Cellar/avr-gcc/6.2.0/lib/gcc/avr/6.2.0/avr51/libgcc.a(_divmodhi4.o)
 .text.libgcc.prologue
                0x0000000000001638        0x0 /usr/local/Cellar/avr-gcc/6.2.0/lib/gcc/avr/6.2.0/avr51/libgcc.a(_divmodhi4.o)
 .text.libgcc.builtins
                0x0000000000001638        0x0 /usr/local/Cellar/avr-gcc/6.2.0/lib/gcc/avr/6.2.0/avr51/libgcc.a(_divmodhi4.o)
 .text.libgcc.fmul
                0x0000000000001638        0x0 /usr/local/Cellar/avr-gcc/6.2.0/lib/gcc/avr/6.2.0/avr51/libgcc.a(_divmodhi4.o)
 .text.libgcc.fixed
                0x0000000000001638        0x0 /usr/local/Cellar/avr-gcc/6.2.0/lib/gcc/avr/6.2.0/avr51/libgcc.a(_divmodhi4.o)
 .text.libgcc.mul
                0x0000000000001638        0x0 /usr/local/Cellar/avr-gcc/6.2.0/lib/gcc/avr/6.2.0/avr51/libgcc.a(_exit.o)
 .text.libgcc.div
                0x0000000000001638        0x0 /usr/local/Cellar/avr-gcc/6.2.0/lib/gcc/avr/6.2.0/avr51/libgcc.a(_exit.o)
 .text.libgcc   0x0000000000001638        0x0 /usr/local/Cellar/avr-gcc/6.2.0/lib/gcc/avr/6.2.0/avr51/libgcc.a(_exit.o)
 .text.libgcc.prologue
                0x0000000000001638        0x0 /usr/local/Cellar/avr-gcc/6.2.0/lib/gcc/avr/6.2.0/avr51/libgcc.a(_exit.o)
 .text.libgcc.builtins
                0x0000000000001638        0x0 /usr/local/Cellar/avr-gcc/6.2.0/lib/gcc/avr/6.2.0/avr51/libgcc.a(_exit.o)
 .text.libgcc.fmul
                0x0000000000001638        0x0 /usr/local/Cellar/avr-gcc/6.2.0/lib/gcc/avr/6.2.0/avr51/libgcc.a(_exit.o)
 .text.libgcc.fixed
                0x0000000000001638        0x0 /usr/local/Cellar/avr-gcc/6.2.0/lib/gcc/avr/6.2.0/avr51/libgcc.a(_exit.o)
 .text.libgcc.mul
                0x0000000000001638        0x0 /usr/local/Cellar/avr-gcc/6.2.0/lib/gcc/avr/6.2.0/avr51/libgcc.a(_copy_data.o)
 .text.libgcc.div
                0x0000000000001638        0x0 /usr/local/Cellar/avr-gcc/6.2.0/lib/gcc/avr/6.2.0/avr51/libgcc.a(_copy_data.o)
 .text.libgcc   0x0000000000001638        0x0 /usr/local/Cellar/avr-gcc/6.2.0/lib/gcc/avr/6.2.0/avr51/libgcc.a(_copy_data.o)
 .text.libgcc.prologue
                0x0000000000001638        0x0 /usr/local/Cellar/avr-gcc/6.2.0/lib/gcc/avr/6.2.0/avr51/libgcc.a(_copy_data.o)
 .text.libgcc.builtins
                0x0000000000001638        0x0 /usr/local/Cellar/avr-gcc/6.2.0/lib/gcc/avr/6.2.0/avr51/libgcc.a(_copy_data.o)
 .text.libgcc.fmul
                0x0000000000001638        0x0 /usr/local/Cellar/avr-gcc/6.2.0/lib/gcc/avr/6.2.0/avr51/libgcc.a(_copy_data.o)
 .text.libgcc.fixed
                0x0000000000001638        0x0 /usr/local/Cellar/avr-gcc/6.2.0/lib/gcc/avr/6.2.0/avr51/libgcc.a(_copy_data.o)
 .text.libgcc.mul
                0x0000000000001638        0x0 /usr/local/Cellar/avr-gcc/6.2.0/lib/gcc/avr/6.2.0/avr51/libgcc.a(_udivmodhi4.o)
 .text.libgcc.div
                0x0000000000001638       0x28 /usr/local/Cellar/avr-gcc/6.2.0/lib/gcc/avr/6.2.0/avr51/libgcc.a(_udivmodhi4.o)
                0x0000000000001638                __udivmodhi4
 .text.libgcc   0x0000000000001660        0x0 /usr/local/Cellar/avr-gcc/6.2.0/lib/gcc/avr/6.2.0/avr51/libgcc.a(_udivmodhi4.o)
 .text.libgcc.prologue
                0x0000000000001660        0x0 /usr/local/Cellar/avr-gcc/6.2.0/lib/gcc/avr/6.2.0/avr51/libgcc.a(_udivmodhi4.o)
 .text.libgcc.builtins
                0x0000000000001660        0x0 /usr/local/Cellar/avr-gcc/6.2.0/lib/gcc/avr/6.2.0/avr51/libgcc.a(_udivmodhi4.o)
 .text.libgcc.fmul
                0x0000000000001660        0x0 /usr/local/Cellar/avr-gcc/6.2.0/lib/gcc/avr/6.2.0/avr51/libgcc.a(_udivmodhi4.o)
 .text.libgcc.fixed
                0x0000000000001660        0x0 /usr/local/Cellar/avr-gcc/6.2.0/lib/gcc/avr/6.2.0/avr51/libgcc.a(_udivmodhi4.o)
 .text.avr-libc
                0x0000000000001660       0x40 /usr/local/Cellar/avr-gcc/6.2.0/lib/gcc/avr/6.2.0/../../../../avr/lib/avr51/libc.a(dtostrf.o)
                0x0000000000001660                dtostrf
 .text.avr-libc
                0x00000000000016a0       0x12 /usr/local/Cellar/avr-gcc/6.2.0/lib/gcc/avr/6.2.0/../../../../avr/lib/avr51/libc.a(strcmp.o)
                0x00000000000016a0                strcmp
 .text.avr-libc
                0x00000000000016b2      0x302 /usr/local/Cellar/avr-gcc/6.2.0/lib/gcc/avr/6.2.0/../../../../avr/lib/avr51/libc.a(dtoa_prf.o)
                0x00000000000016b2                dtoa_prf
 .text.avr-libc
                0x00000000000019b4      0x1b0 /usr/local/Cellar/avr-gcc/6.2.0/lib/gcc/avr/6.2.0/../../../../avr/lib/avr51/libc.a(ftoa_engine.o)
                0x00000000000019b4                __ftoa_engine
                0x0000000000001b64                . = ALIGN (0x2)
 *(.fini9)
 .fini9         0x0000000000001b64        0x0 /usr/local/Cellar/avr-gcc/6.2.0/lib/gcc/avr/6.2.0/avr51/libgcc.a(_exit.o)
                0x0000000000001b64                exit
                0x0000000000001b64                _exit
 *(.fini9)
 *(.fini8)
 *(.fini8)
 *(.fini7)
 *(.fini7)
 *(.fini6)
 *(.fini6)
 *(.fini5)
 *(.fini5)
 *(.fini4)
 *(.fini4)
 *(.fini3)
 *(.fini3)
 *(.fini2)
 *(.fini2)
 *(.fini1)
 *(.fini1)
 *(.fini0)
 .fini0         0x0000000000001b64        0x4 /usr/local/Cellar/avr-gcc/6.2.0/lib/gcc/avr/6.2.0/avr51/libgcc.a(_exit.o)
 *(.fini0)
                0x0000000000001b68                _etext = .

.data           0x0000000000800100       0x48 load address 0x0000000000001b68
                0x0000000000800100                PROVIDE (__data_start, .)
 *(.data)
 .data          0x0000000000800100        0x0 /usr/local/Cellar/avr-gcc/6.2.0/lib/gcc/avr/6.2.0/../../../../avr/lib/avr51/crtatmega128.o
 .data          0x0000000000800100        0x0 main.o
 .data          0x0000000000800100        0x0 ../../lib/I2C-master-lib/i2c_master.o
 .data          0x0000000000800100        0x0 ../../lib/adc/adc.o
 .data          0x0000000000800100        0x0 ../../lib/lcd/lcd.o
 .data          0x0000000000800100        0x0 ../../lib/uart/uart.o
 .data          0x0000000000800100        0x0 ../../lib/motors/motors.o
 .data          0x0000000000800100        0x0 ../../lib/magnometer/magnometer.o
 .data          0x0000000000800100        0x0 ../../lib/lasersensor/lasersensor.o
 .data          0x0000000000800100        0x0 ../../lib/pressuresensor/pressuresensor.o
 .data          0x0000000000800100        0x0 /usr/local/Cellar/avr-gcc/6.2.0/lib/gcc/avr/6.2.0/../../../../avr/lib/avr51/libm.a(addsf3.o)
 .data          0x0000000000800100        0x0 /usr/local/Cellar/avr-gcc/6.2.0/lib/gcc/avr/6.2.0/../../../../avr/lib/avr51/libm.a(addsf3x.o)
 .data          0x0000000000800100        0x0 /usr/local/Cellar/avr-gcc/6.2.0/lib/gcc/avr/6.2.0/../../../../avr/lib/avr51/libm.a(atan2.o)
 .data          0x0000000000800100        0x0 /usr/local/Cellar/avr-gcc/6.2.0/lib/gcc/avr/6.2.0/../../../../avr/lib/avr51/libm.a(atan.o)
 .data          0x0000000000800100        0x0 /usr/local/Cellar/avr-gcc/6.2.0/lib/gcc/avr/6.2.0/../../../../avr/lib/avr51/libm.a(cmpsf2.o)
 .data          0x0000000000800100        0x0 /usr/local/Cellar/avr-gcc/6.2.0/lib/gcc/avr/6.2.0/../../../../avr/lib/avr51/libm.a(divsf3.o)
 .data          0x0000000000800100        0x0 /usr/local/Cellar/avr-gcc/6.2.0/lib/gcc/avr/6.2.0/../../../../avr/lib/avr51/libm.a(divsf3x.o)
 .data          0x0000000000800100        0x0 /usr/local/Cellar/avr-gcc/6.2.0/lib/gcc/avr/6.2.0/../../../../avr/lib/avr51/libm.a(fixsfsi.o)
 .data          0x0000000000800100        0x0 /usr/local/Cellar/avr-gcc/6.2.0/lib/gcc/avr/6.2.0/../../../../avr/lib/avr51/libm.a(fixunssfsi.o)
 .data          0x0000000000800100        0x0 /usr/local/Cellar/avr-gcc/6.2.0/lib/gcc/avr/6.2.0/../../../../avr/lib/avr51/libm.a(floatsisf.o)
 .data          0x0000000000800100        0x0 /usr/local/Cellar/avr-gcc/6.2.0/lib/gcc/avr/6.2.0/../../../../avr/lib/avr51/libm.a(fp_cmp.o)
 .data          0x0000000000800100        0x0 /usr/local/Cellar/avr-gcc/6.2.0/lib/gcc/avr/6.2.0/../../../../avr/lib/avr51/libm.a(fp_inf.o)
 .data          0x0000000000800100        0x0 /usr/local/Cellar/avr-gcc/6.2.0/lib/gcc/avr/6.2.0/../../../../avr/lib/avr51/libm.a(fp_nan.o)
 .data          0x0000000000800100        0x0 /usr/local/Cellar/avr-gcc/6.2.0/lib/gcc/avr/6.2.0/../../../../avr/lib/avr51/libm.a(fp_powser.o)
 .data          0x0000000000800100        0x0 /usr/local/Cellar/avr-gcc/6.2.0/lib/gcc/avr/6.2.0/../../../../avr/lib/avr51/libm.a(fp_pscA.o)
 .data          0x0000000000800100        0x0 /usr/local/Cellar/avr-gcc/6.2.0/lib/gcc/avr/6.2.0/../../../../avr/lib/avr51/libm.a(fp_pscB.o)
 .data          0x0000000000800100        0x0 /usr/local/Cellar/avr-gcc/6.2.0/lib/gcc/avr/6.2.0/../../../../avr/lib/avr51/libm.a(fp_round.o)
 .data          0x0000000000800100        0x0 /usr/local/Cellar/avr-gcc/6.2.0/lib/gcc/avr/6.2.0/../../../../avr/lib/avr51/libm.a(fp_split3.o)
 .data          0x0000000000800100        0x0 /usr/local/Cellar/avr-gcc/6.2.0/lib/gcc/avr/6.2.0/../../../../avr/lib/avr51/libm.a(fp_zero.o)
 .data          0x0000000000800100        0x0 /usr/local/Cellar/avr-gcc/6.2.0/lib/gcc/avr/6.2.0/../../../../avr/lib/avr51/libm.a(gesf2.o)
 .data          0x0000000000800100        0x0 /usr/local/Cellar/avr-gcc/6.2.0/lib/gcc/avr/6.2.0/../../../../avr/lib/avr51/libm.a(inverse.o)
 .data          0x0000000000800100        0x0 /usr/local/Cellar/avr-gcc/6.2.0/lib/gcc/avr/6.2.0/../../../../avr/lib/avr51/libm.a(mulsf3.o)
 .data          0x0000000000800100        0x0 /usr/local/Cellar/avr-gcc/6.2.0/lib/gcc/avr/6.2.0/../../../../avr/lib/avr51/libm.a(mulsf3x.o)
 .data          0x0000000000800100        0x0 /usr/local/Cellar/avr-gcc/6.2.0/lib/gcc/avr/6.2.0/../../../../avr/lib/avr51/libm.a(square.o)
 .data          0x0000000000800100        0x0 /usr/local/Cellar/avr-gcc/6.2.0/lib/gcc/avr/6.2.0/avr51/libgcc.a(_divmodhi4.o)
 .data          0x0000000000800100        0x0 /usr/local/Cellar/avr-gcc/6.2.0/lib/gcc/avr/6.2.0/avr51/libgcc.a(_exit.o)
 .data          0x0000000000800100        0x0 /usr/local/Cellar/avr-gcc/6.2.0/lib/gcc/avr/6.2.0/avr51/libgcc.a(_copy_data.o)
 .data          0x0000000000800100        0x0 /usr/local/Cellar/avr-gcc/6.2.0/lib/gcc/avr/6.2.0/avr51/libgcc.a(_udivmodhi4.o)
 .data          0x0000000000800100        0x0 /usr/local/Cellar/avr-gcc/6.2.0/lib/gcc/avr/6.2.0/../../../../avr/lib/avr51/libc.a(dtostrf.o)
 .data          0x0000000000800100        0x0 /usr/local/Cellar/avr-gcc/6.2.0/lib/gcc/avr/6.2.0/../../../../avr/lib/avr51/libc.a(strcmp.o)
 .data          0x0000000000800100        0x0 /usr/local/Cellar/avr-gcc/6.2.0/lib/gcc/avr/6.2.0/../../../../avr/lib/avr51/libc.a(dtoa_prf.o)
 .data          0x0000000000800100        0x0 /usr/local/Cellar/avr-gcc/6.2.0/lib/gcc/avr/6.2.0/../../../../avr/lib/avr51/libc.a(ftoa_engine.o)
 *(.data*)
 *(.rodata)
 *(.rodata*)
 .rodata.str1.1
                0x0000000000800100       0x38 main.o
                                         0x3a (size before relaxing)
 .rodata.str1.1
                0x0000000000800138        0xf ../../lib/uart/uart.o
 *(.gnu.linkonce.d*)
                0x0000000000800148                . = ALIGN (0x2)
 *fill*         0x0000000000800147        0x1 
                0x0000000000800148                _edata = .
                0x0000000000800148                PROVIDE (__data_end, .)

.bss            0x0000000000800148        0x0
                0x0000000000800148                PROVIDE (__bss_start, .)
 *(.bss)
 .bss           0x0000000000800148        0x0 /usr/local/Cellar/avr-gcc/6.2.0/lib/gcc/avr/6.2.0/../../../../avr/lib/avr51/crtatmega128.o
 .bss           0x0000000000800148        0x0 main.o
 .bss           0x0000000000800148        0x0 ../../lib/I2C-master-lib/i2c_master.o
 .bss           0x0000000000800148        0x0 ../../lib/adc/adc.o
 .bss           0x0000000000800148        0x0 ../../lib/lcd/lcd.o
 .bss           0x0000000000800148        0x0 ../../lib/uart/uart.o
 .bss           0x0000000000800148        0x0 ../../lib/motors/motors.o
 .bss           0x0000000000800148        0x0 ../../lib/magnometer/magnometer.o
 .bss           0x0000000000800148        0x0 ../../lib/lasersensor/lasersensor.o
 .bss           0x0000000000800148        0x0 ../../lib/pressuresensor/pressuresensor.o
 .bss           0x0000000000800148        0x0 /usr/local/Cellar/avr-gcc/6.2.0/lib/gcc/avr/6.2.0/../../../../avr/lib/avr51/libm.a(addsf3.o)
 .bss           0x0000000000800148        0x0 /usr/local/Cellar/avr-gcc/6.2.0/lib/gcc/avr/6.2.0/../../../../avr/lib/avr51/libm.a(addsf3x.o)
 .bss           0x0000000000800148        0x0 /usr/local/Cellar/avr-gcc/6.2.0/lib/gcc/avr/6.2.0/../../../../avr/lib/avr51/libm.a(atan2.o)
 .bss           0x0000000000800148        0x0 /usr/local/Cellar/avr-gcc/6.2.0/lib/gcc/avr/6.2.0/../../../../avr/lib/avr51/libm.a(atan.o)
 .bss           0x0000000000800148        0x0 /usr/local/Cellar/avr-gcc/6.2.0/lib/gcc/avr/6.2.0/../../../../avr/lib/avr51/libm.a(cmpsf2.o)
 .bss           0x0000000000800148        0x0 /usr/local/Cellar/avr-gcc/6.2.0/lib/gcc/avr/6.2.0/../../../../avr/lib/avr51/libm.a(divsf3.o)
 .bss           0x0000000000800148        0x0 /usr/local/Cellar/avr-gcc/6.2.0/lib/gcc/avr/6.2.0/../../../../avr/lib/avr51/libm.a(divsf3x.o)
 .bss           0x0000000000800148        0x0 /usr/local/Cellar/avr-gcc/6.2.0/lib/gcc/avr/6.2.0/../../../../avr/lib/avr51/libm.a(fixsfsi.o)
 .bss           0x0000000000800148        0x0 /usr/local/Cellar/avr-gcc/6.2.0/lib/gcc/avr/6.2.0/../../../../avr/lib/avr51/libm.a(fixunssfsi.o)
 .bss           0x0000000000800148        0x0 /usr/local/Cellar/avr-gcc/6.2.0/lib/gcc/avr/6.2.0/../../../../avr/lib/avr51/libm.a(floatsisf.o)
 .bss           0x0000000000800148        0x0 /usr/local/Cellar/avr-gcc/6.2.0/lib/gcc/avr/6.2.0/../../../../avr/lib/avr51/libm.a(fp_cmp.o)
 .bss           0x0000000000800148        0x0 /usr/local/Cellar/avr-gcc/6.2.0/lib/gcc/avr/6.2.0/../../../../avr/lib/avr51/libm.a(fp_inf.o)
 .bss           0x0000000000800148        0x0 /usr/local/Cellar/avr-gcc/6.2.0/lib/gcc/avr/6.2.0/../../../../avr/lib/avr51/libm.a(fp_nan.o)
 .bss           0x0000000000800148        0x0 /usr/local/Cellar/avr-gcc/6.2.0/lib/gcc/avr/6.2.0/../../../../avr/lib/avr51/libm.a(fp_powser.o)
 .bss           0x0000000000800148        0x0 /usr/local/Cellar/avr-gcc/6.2.0/lib/gcc/avr/6.2.0/../../../../avr/lib/avr51/libm.a(fp_pscA.o)
 .bss           0x0000000000800148        0x0 /usr/local/Cellar/avr-gcc/6.2.0/lib/gcc/avr/6.2.0/../../../../avr/lib/avr51/libm.a(fp_pscB.o)
 .bss           0x0000000000800148        0x0 /usr/local/Cellar/avr-gcc/6.2.0/lib/gcc/avr/6.2.0/../../../../avr/lib/avr51/libm.a(fp_round.o)
 .bss           0x0000000000800148        0x0 /usr/local/Cellar/avr-gcc/6.2.0/lib/gcc/avr/6.2.0/../../../../avr/lib/avr51/libm.a(fp_split3.o)
 .bss           0x0000000000800148        0x0 /usr/local/Cellar/avr-gcc/6.2.0/lib/gcc/avr/6.2.0/../../../../avr/lib/avr51/libm.a(fp_zero.o)
 .bss           0x0000000000800148        0x0 /usr/local/Cellar/avr-gcc/6.2.0/lib/gcc/avr/6.2.0/../../../../avr/lib/avr51/libm.a(gesf2.o)
 .bss           0x0000000000800148        0x0 /usr/local/Cellar/avr-gcc/6.2.0/lib/gcc/avr/6.2.0/../../../../avr/lib/avr51/libm.a(inverse.o)
 .bss           0x0000000000800148        0x0 /usr/local/Cellar/avr-gcc/6.2.0/lib/gcc/avr/6.2.0/../../../../avr/lib/avr51/libm.a(mulsf3.o)
 .bss           0x0000000000800148        0x0 /usr/local/Cellar/avr-gcc/6.2.0/lib/gcc/avr/6.2.0/../../../../avr/lib/avr51/libm.a(mulsf3x.o)
 .bss           0x0000000000800148        0x0 /usr/local/Cellar/avr-gcc/6.2.0/lib/gcc/avr/6.2.0/../../../../avr/lib/avr51/libm.a(square.o)
 .bss           0x0000000000800148        0x0 /usr/local/Cellar/avr-gcc/6.2.0/lib/gcc/avr/6.2.0/avr51/libgcc.a(_divmodhi4.o)
 .bss           0x0000000000800148        0x0 /usr/local/Cellar/avr-gcc/6.2.0/lib/gcc/avr/6.2.0/avr51/libgcc.a(_exit.o)
 .bss           0x0000000000800148        0x0 /usr/local/Cellar/avr-gcc/6.2.0/lib/gcc/avr/6.2.0/avr51/libgcc.a(_copy_data.o)
 .bss           0x0000000000800148        0x0 /usr/local/Cellar/avr-gcc/6.2.0/lib/gcc/avr/6.2.0/avr51/libgcc.a(_udivmodhi4.o)
 .bss           0x0000000000800148        0x0 /usr/local/Cellar/avr-gcc/6.2.0/lib/gcc/avr/6.2.0/../../../../avr/lib/avr51/libc.a(dtostrf.o)
 .bss           0x0000000000800148        0x0 /usr/local/Cellar/avr-gcc/6.2.0/lib/gcc/avr/6.2.0/../../../../avr/lib/avr51/libc.a(strcmp.o)
 .bss           0x0000000000800148        0x0 /usr/local/Cellar/avr-gcc/6.2.0/lib/gcc/avr/6.2.0/../../../../avr/lib/avr51/libc.a(dtoa_prf.o)
 .bss           0x0000000000800148        0x0 /usr/local/Cellar/avr-gcc/6.2.0/lib/gcc/avr/6.2.0/../../../../avr/lib/avr51/libc.a(ftoa_engine.o)
 *(.bss*)
 *(COMMON)
                0x0000000000800148                PROVIDE (__bss_end, .)
                0x0000000000001b68                __data_load_start = LOADADDR (.data)
                0x0000000000001bb0                __data_load_end = (__data_load_start + SIZEOF (.data))

.noinit         0x0000000000800148        0x0
                0x0000000000800148                PROVIDE (__noinit_start, .)
 *(.noinit*)
                0x0000000000800148                PROVIDE (__noinit_end, .)
                0x0000000000800148                _end = .
                0x0000000000800148                PROVIDE (__heap_start, .)

.eeprom         0x0000000000810000        0x0
 *(.eeprom*)
                0x0000000000810000                __eeprom_end = .

.fuse
 *(.fuse)
 *(.lfuse)
 *(.hfuse)
 *(.efuse)

.lock
 *(.lock*)

.signature
 *(.signature*)

.stab           0x0000000000000000     0x4530
 *(.stab)
 .stab          0x0000000000000000      0xa68 main.o
 .stab          0x0000000000000a68      0xa44 ../../lib/I2C-master-lib/i2c_master.o
                                        0xc0c (size before relaxing)
 .stab          0x00000000000014ac      0x4c8 ../../lib/adc/adc.o
                                        0x690 (size before relaxing)
 .stab          0x0000000000001974      0x9d8 ../../lib/lcd/lcd.o
                                        0xbc4 (size before relaxing)
 .stab          0x000000000000234c      0x9b4 ../../lib/uart/uart.o
                                        0xba0 (size before relaxing)
 .stab          0x0000000000002d00      0x744 ../../lib/motors/motors.o
                                        0x9cc (size before relaxing)
 .stab          0x0000000000003444      0x4a4 ../../lib/magnometer/magnometer.o
                                        0x66c (size before relaxing)
 .stab          0x00000000000038e8      0x4b0 ../../lib/lasersensor/lasersensor.o
                                        0x678 (size before relaxing)
 .stab          0x0000000000003d98      0x3a8 ../../lib/pressuresensor/pressuresensor.o
                                        0x570 (size before relaxing)
 .stab          0x0000000000004140      0x138 /usr/local/Cellar/avr-gcc/6.2.0/lib/gcc/avr/6.2.0/avr51/libgcc.a(_divmodhi4.o)
                                        0x144 (size before relaxing)
 .stab          0x0000000000004278       0x6c /usr/local/Cellar/avr-gcc/6.2.0/lib/gcc/avr/6.2.0/avr51/libgcc.a(_exit.o)
                                         0x78 (size before relaxing)
 .stab          0x00000000000042e4       0xf0 /usr/local/Cellar/avr-gcc/6.2.0/lib/gcc/avr/6.2.0/avr51/libgcc.a(_copy_data.o)
                                         0xfc (size before relaxing)
 .stab          0x00000000000043d4      0x15c /usr/local/Cellar/avr-gcc/6.2.0/lib/gcc/avr/6.2.0/avr51/libgcc.a(_udivmodhi4.o)
                                        0x168 (size before relaxing)

.stabstr        0x0000000000000000     0x1a11
 *(.stabstr)
 .stabstr       0x0000000000000000     0x1a11 main.o

.stab.excl
 *(.stab.excl)

.stab.exclstr
 *(.stab.exclstr)

.stab.index
 *(.stab.index)

.stab.indexstr
 *(.stab.indexstr)

.comment        0x0000000000000000       0x11
 *(.comment)
 .comment       0x0000000000000000       0x11 main.o
                                         0x12 (size before relaxing)
 .comment       0x0000000000000011       0x12 ../../lib/I2C-master-lib/i2c_master.o
 .comment       0x0000000000000011       0x12 ../../lib/adc/adc.o
 .comment       0x0000000000000011       0x12 ../../lib/lcd/lcd.o
 .comment       0x0000000000000011       0x12 ../../lib/uart/uart.o
 .comment       0x0000000000000011       0x12 ../../lib/motors/motors.o
 .comment       0x0000000000000011       0x12 ../../lib/magnometer/magnometer.o
 .comment       0x0000000000000011       0x12 ../../lib/lasersensor/lasersensor.o
 .comment       0x0000000000000011       0x12 ../../lib/pressuresensor/pressuresensor.o
 .comment       0x0000000000000011       0x12 /usr/local/Cellar/avr-gcc/6.2.0/lib/gcc/avr/6.2.0/../../../../avr/lib/avr51/libc.a(dtostrf.o)
 .comment       0x0000000000000011       0x12 /usr/local/Cellar/avr-gcc/6.2.0/lib/gcc/avr/6.2.0/../../../../avr/lib/avr51/libc.a(dtoa_prf.o)

.note.gnu.avr.deviceinfo
                0x0000000000000000       0x3c
 .note.gnu.avr.deviceinfo
                0x0000000000000000       0x3c /usr/local/Cellar/avr-gcc/6.2.0/lib/gcc/avr/6.2.0/../../../../avr/lib/avr51/crtatmega128.o

.note.gnu.build-id
 *(.note.gnu.build-id)

.debug
 *(.debug)

.line
 *(.line)

.debug_srcinfo
 *(.debug_srcinfo)

.debug_sfnames
 *(.debug_sfnames)

.debug_aranges
 *(.debug_aranges)

.debug_pubnames
 *(.debug_pubnames)

.debug_info     0x0000000000000000      0x780
 *(.debug_info .gnu.linkonce.wi.*)
 .debug_info    0x0000000000000000      0x780 /usr/local/Cellar/avr-gcc/6.2.0/lib/gcc/avr/6.2.0/../../../../avr/lib/avr51/crtatmega128.o

.debug_abbrev   0x0000000000000000      0x718
 *(.debug_abbrev)
 .debug_abbrev  0x0000000000000000      0x718 /usr/local/Cellar/avr-gcc/6.2.0/lib/gcc/avr/6.2.0/../../../../avr/lib/avr51/crtatmega128.o

.debug_line     0x0000000000000000       0x1d
 *(.debug_line .debug_line.* .debug_line_end)
 .debug_line    0x0000000000000000       0x1d /usr/local/Cellar/avr-gcc/6.2.0/lib/gcc/avr/6.2.0/../../../../avr/lib/avr51/crtatmega128.o

.debug_frame
 *(.debug_frame)

.debug_str      0x0000000000000000      0x27d
 *(.debug_str)
 .debug_str     0x0000000000000000      0x27d /usr/local/Cellar/avr-gcc/6.2.0/lib/gcc/avr/6.2.0/../../../../avr/lib/avr51/crtatmega128.o

.debug_loc
 *(.debug_loc)

.debug_macinfo
 *(.debug_macinfo)

.debug_weaknames
 *(.debug_weaknames)

.debug_funcnames
 *(.debug_funcnames)

.debug_typenames
 *(.debug_typenames)

.debug_varnames
 *(.debug_varnames)

.debug_pubtypes
 *(.debug_pubtypes)

.debug_ranges
 *(.debug_ranges)

.debug_macro
 *(.debug_macro)
OUTPUT(main.elf elf32-avr)
LOAD linker stubs
