Archive member included to satisfy reference by file (symbol)

/usr/local/Cellar/avr-gcc/6.2.0/lib/gcc/avr/6.2.0/../../../../avr/lib/avr51/libm.a(addsf3.o)
                              main.o (__addsf3)
/usr/local/Cellar/avr-gcc/6.2.0/lib/gcc/avr/6.2.0/../../../../avr/lib/avr51/libm.a(addsf3x.o)
                              /usr/local/Cellar/avr-gcc/6.2.0/lib/gcc/avr/6.2.0/../../../../avr/lib/avr51/libm.a(addsf3.o) (__addsf3x)
/usr/local/Cellar/avr-gcc/6.2.0/lib/gcc/avr/6.2.0/../../../../avr/lib/avr51/libm.a(cmpsf2.o)
                              main.o (__ltsf2)
/usr/local/Cellar/avr-gcc/6.2.0/lib/gcc/avr/6.2.0/../../../../avr/lib/avr51/libm.a(divsf3.o)
                              main.o (__divsf3)
/usr/local/Cellar/avr-gcc/6.2.0/lib/gcc/avr/6.2.0/../../../../avr/lib/avr51/libm.a(divsf3x.o)
                              /usr/local/Cellar/avr-gcc/6.2.0/lib/gcc/avr/6.2.0/../../../../avr/lib/avr51/libm.a(divsf3.o) (__divsf3x)
/usr/local/Cellar/avr-gcc/6.2.0/lib/gcc/avr/6.2.0/../../../../avr/lib/avr51/libm.a(fixunssfsi.o)
                              main.o (__fixunssfsi)
/usr/local/Cellar/avr-gcc/6.2.0/lib/gcc/avr/6.2.0/../../../../avr/lib/avr51/libm.a(floatsisf.o)
                              main.o (__floatunsisf)
/usr/local/Cellar/avr-gcc/6.2.0/lib/gcc/avr/6.2.0/../../../../avr/lib/avr51/libm.a(fp_cmp.o)
                              /usr/local/Cellar/avr-gcc/6.2.0/lib/gcc/avr/6.2.0/../../../../avr/lib/avr51/libm.a(cmpsf2.o) (__fp_cmp)
/usr/local/Cellar/avr-gcc/6.2.0/lib/gcc/avr/6.2.0/../../../../avr/lib/avr51/libm.a(fp_inf.o)
                              /usr/local/Cellar/avr-gcc/6.2.0/lib/gcc/avr/6.2.0/../../../../avr/lib/avr51/libm.a(addsf3x.o) (__fp_inf)
/usr/local/Cellar/avr-gcc/6.2.0/lib/gcc/avr/6.2.0/../../../../avr/lib/avr51/libm.a(fp_nan.o)
                              /usr/local/Cellar/avr-gcc/6.2.0/lib/gcc/avr/6.2.0/../../../../avr/lib/avr51/libm.a(addsf3x.o) (__fp_nan)
/usr/local/Cellar/avr-gcc/6.2.0/lib/gcc/avr/6.2.0/../../../../avr/lib/avr51/libm.a(fp_pscA.o)
                              /usr/local/Cellar/avr-gcc/6.2.0/lib/gcc/avr/6.2.0/../../../../avr/lib/avr51/libm.a(addsf3x.o) (__fp_pscA)
/usr/local/Cellar/avr-gcc/6.2.0/lib/gcc/avr/6.2.0/../../../../avr/lib/avr51/libm.a(fp_pscB.o)
                              /usr/local/Cellar/avr-gcc/6.2.0/lib/gcc/avr/6.2.0/../../../../avr/lib/avr51/libm.a(addsf3x.o) (__fp_pscB)
/usr/local/Cellar/avr-gcc/6.2.0/lib/gcc/avr/6.2.0/../../../../avr/lib/avr51/libm.a(fp_round.o)
                              /usr/local/Cellar/avr-gcc/6.2.0/lib/gcc/avr/6.2.0/../../../../avr/lib/avr51/libm.a(addsf3.o) (__fp_round)
/usr/local/Cellar/avr-gcc/6.2.0/lib/gcc/avr/6.2.0/../../../../avr/lib/avr51/libm.a(fp_split3.o)
                              /usr/local/Cellar/avr-gcc/6.2.0/lib/gcc/avr/6.2.0/../../../../avr/lib/avr51/libm.a(addsf3x.o) (__fp_split3)
/usr/local/Cellar/avr-gcc/6.2.0/lib/gcc/avr/6.2.0/../../../../avr/lib/avr51/libm.a(fp_zero.o)
                              /usr/local/Cellar/avr-gcc/6.2.0/lib/gcc/avr/6.2.0/../../../../avr/lib/avr51/libm.a(addsf3x.o) (__fp_zero)
/usr/local/Cellar/avr-gcc/6.2.0/lib/gcc/avr/6.2.0/../../../../avr/lib/avr51/libm.a(gesf2.o)
                              main.o (__gtsf2)
/usr/local/Cellar/avr-gcc/6.2.0/lib/gcc/avr/6.2.0/../../../../avr/lib/avr51/libm.a(mulsf3.o)
                              main.o (__mulsf3)
/usr/local/Cellar/avr-gcc/6.2.0/lib/gcc/avr/6.2.0/../../../../avr/lib/avr51/libm.a(mulsf3x.o)
                              /usr/local/Cellar/avr-gcc/6.2.0/lib/gcc/avr/6.2.0/../../../../avr/lib/avr51/libm.a(mulsf3.o) (__mulsf3x)
/usr/local/Cellar/avr-gcc/6.2.0/lib/gcc/avr/6.2.0/avr51/libgcc.a(_exit.o)
                              /usr/local/Cellar/avr-gcc/6.2.0/lib/gcc/avr/6.2.0/../../../../avr/lib/avr51/crtatmega128.o (exit)
/usr/local/Cellar/avr-gcc/6.2.0/lib/gcc/avr/6.2.0/avr51/libgcc.a(_copy_data.o)
                              main.o (__do_copy_data)
/usr/local/Cellar/avr-gcc/6.2.0/lib/gcc/avr/6.2.0/avr51/libgcc.a(_clear_bss.o)
                              main.o (__do_clear_bss)
/usr/local/Cellar/avr-gcc/6.2.0/lib/gcc/avr/6.2.0/../../../../avr/lib/avr51/libc.a(dtostrf.o)
                              main.o (dtostrf)
/usr/local/Cellar/avr-gcc/6.2.0/lib/gcc/avr/6.2.0/../../../../avr/lib/avr51/libc.a(dtoa_prf.o)
                              /usr/local/Cellar/avr-gcc/6.2.0/lib/gcc/avr/6.2.0/../../../../avr/lib/avr51/libc.a(dtostrf.o) (dtoa_prf)
/usr/local/Cellar/avr-gcc/6.2.0/lib/gcc/avr/6.2.0/../../../../avr/lib/avr51/libc.a(ftoa_engine.o)
                              /usr/local/Cellar/avr-gcc/6.2.0/lib/gcc/avr/6.2.0/../../../../avr/lib/avr51/libc.a(dtoa_prf.o) (__ftoa_engine)

Allocating common symbols
Common symbol       size              file

temp                0x1               main.o
read_byte           0x1               main.o

Memory Configuration

Name             Origin             Length             Attributes
text             0x0000000000000000 0x0000000000020000 xr
data             0x0000000000800100 0x000000000000ff00 rw !x
eeprom           0x0000000000810000 0x0000000000010000 rw !x
fuse             0x0000000000820000 0x0000000000000400 rw !x
lock             0x0000000000830000 0x0000000000000400 rw !x
signature        0x0000000000840000 0x0000000000000400 rw !x
*default*        0x0000000000000000 0xffffffffffffffff

Linker script and memory map

Address of section .data set to 0x800100
LOAD /usr/local/Cellar/avr-gcc/6.2.0/lib/gcc/avr/6.2.0/../../../../avr/lib/avr51/crtatmega128.o
LOAD main.o
LOAD /usr/local/Cellar/avr-gcc/6.2.0/lib/gcc/avr/6.2.0/../../../../avr/lib/avr51/libm.a
START GROUP
LOAD /usr/local/Cellar/avr-gcc/6.2.0/lib/gcc/avr/6.2.0/avr51/libgcc.a
LOAD /usr/local/Cellar/avr-gcc/6.2.0/lib/gcc/avr/6.2.0/../../../../avr/lib/avr51/libm.a
LOAD /usr/local/Cellar/avr-gcc/6.2.0/lib/gcc/avr/6.2.0/../../../../avr/lib/avr51/libc.a
LOAD /usr/local/Cellar/avr-gcc/6.2.0/lib/gcc/avr/6.2.0/../../../../avr/lib/avr51/libatmega128.a
END GROUP

.hash
 *(.hash)

.dynsym
 *(.dynsym)

.dynstr
 *(.dynstr)

.gnu.version
 *(.gnu.version)

.gnu.version_d
 *(.gnu.version_d)

.gnu.version_r
 *(.gnu.version_r)

.rel.init
 *(.rel.init)

.rela.init
 *(.rela.init)

.rel.text
 *(.rel.text)
 *(.rel.text.*)
 *(.rel.gnu.linkonce.t*)

.rela.text
 *(.rela.text)
 *(.rela.text.*)
 *(.rela.gnu.linkonce.t*)

.rel.fini
 *(.rel.fini)

.rela.fini
 *(.rela.fini)

.rel.rodata
 *(.rel.rodata)
 *(.rel.rodata.*)
 *(.rel.gnu.linkonce.r*)

.rela.rodata
 *(.rela.rodata)
 *(.rela.rodata.*)
 *(.rela.gnu.linkonce.r*)

.rel.data
 *(.rel.data)
 *(.rel.data.*)
 *(.rel.gnu.linkonce.d*)

.rela.data
 *(.rela.data)
 *(.rela.data.*)
 *(.rela.gnu.linkonce.d*)

.rel.ctors
 *(.rel.ctors)

.rela.ctors
 *(.rela.ctors)

.rel.dtors
 *(.rel.dtors)

.rela.dtors
 *(.rela.dtors)

.rel.got
 *(.rel.got)

.rela.got
 *(.rela.got)

.rel.bss
 *(.rel.bss)

.rela.bss
 *(.rela.bss)

.rel.plt
 *(.rel.plt)

.rela.plt
 *(.rela.plt)

.text           0x0000000000000000     0x144c
 *(.vectors)
 .vectors       0x0000000000000000       0x8c /usr/local/Cellar/avr-gcc/6.2.0/lib/gcc/avr/6.2.0/../../../../avr/lib/avr51/crtatmega128.o
                0x0000000000000000                __vectors
                0x0000000000000000                __vector_default
 *(.vectors)
 *(.progmem.gcc*)
                0x000000000000008c                . = ALIGN (0x2)
                0x000000000000008c                __trampolines_start = .
 *(.trampolines)
 .trampolines   0x000000000000008c        0x0 linker stubs
 *(.trampolines*)
                0x000000000000008c                __trampolines_end = .
 *(.progmem*)
 .progmem.data  0x000000000000008c       0xfa /usr/local/Cellar/avr-gcc/6.2.0/lib/gcc/avr/6.2.0/../../../../avr/lib/avr51/libc.a(ftoa_engine.o)
                0x0000000000000186                . = ALIGN (0x2)
 *(.jumptables)
 *(.jumptables*)
 *(.lowtext)
 *(.lowtext*)
                0x0000000000000186                __ctors_start = .
 *(.ctors)
                0x0000000000000186                __ctors_end = .
                0x0000000000000186                __dtors_start = .
 *(.dtors)
                0x0000000000000186                __dtors_end = .
 SORT(*)(.ctors)
 SORT(*)(.dtors)
 *(.init0)
 .init0         0x0000000000000186        0x0 /usr/local/Cellar/avr-gcc/6.2.0/lib/gcc/avr/6.2.0/../../../../avr/lib/avr51/crtatmega128.o
                0x0000000000000186                __init
 *(.init0)
 *(.init1)
 *(.init1)
 *(.init2)
 .init2         0x0000000000000186        0xc /usr/local/Cellar/avr-gcc/6.2.0/lib/gcc/avr/6.2.0/../../../../avr/lib/avr51/crtatmega128.o
 *(.init2)
 *(.init3)
 *(.init3)
 *(.init4)
 .init4         0x0000000000000192       0x1a /usr/local/Cellar/avr-gcc/6.2.0/lib/gcc/avr/6.2.0/avr51/libgcc.a(_copy_data.o)
                0x0000000000000192                __do_copy_data
 .init4         0x00000000000001ac       0x10 /usr/local/Cellar/avr-gcc/6.2.0/lib/gcc/avr/6.2.0/avr51/libgcc.a(_clear_bss.o)
                0x00000000000001ac                __do_clear_bss
 *(.init4)
 *(.init5)
 *(.init5)
 *(.init6)
 *(.init6)
 *(.init7)
 *(.init7)
 *(.init8)
 *(.init8)
 *(.init9)
 .init9         0x00000000000001bc        0x8 /usr/local/Cellar/avr-gcc/6.2.0/lib/gcc/avr/6.2.0/../../../../avr/lib/avr51/crtatmega128.o
 *(.init9)
 *(.text)
 .text          0x00000000000001c4        0x4 /usr/local/Cellar/avr-gcc/6.2.0/lib/gcc/avr/6.2.0/../../../../avr/lib/avr51/crtatmega128.o
                0x00000000000001c4                __vector_20
                0x00000000000001c4                __vector_28
                0x00000000000001c4                __vector_1
                0x00000000000001c4                __vector_32
                0x00000000000001c4                __vector_34
                0x00000000000001c4                __vector_24
                0x00000000000001c4                __vector_12
                0x00000000000001c4                __bad_interrupt
                0x00000000000001c4                __vector_6
                0x00000000000001c4                __vector_31
                0x00000000000001c4                __vector_3
                0x00000000000001c4                __vector_23
                0x00000000000001c4                __vector_30
                0x00000000000001c4                __vector_25
                0x00000000000001c4                __vector_11
                0x00000000000001c4                __vector_13
                0x00000000000001c4                __vector_17
                0x00000000000001c4                __vector_19
                0x00000000000001c4                __vector_7
                0x00000000000001c4                __vector_27
                0x00000000000001c4                __vector_5
                0x00000000000001c4                __vector_33
                0x00000000000001c4                __vector_4
                0x00000000000001c4                __vector_9
                0x00000000000001c4                __vector_2
                0x00000000000001c4                __vector_21
                0x00000000000001c4                __vector_15
                0x00000000000001c4                __vector_29
                0x00000000000001c4                __vector_8
                0x00000000000001c4                __vector_26
                0x00000000000001c4                __vector_14
                0x00000000000001c4                __vector_10
                0x00000000000001c4                __vector_16
                0x00000000000001c4                __vector_18
                0x00000000000001c4                __vector_22
 .text          0x00000000000001c8      0x4e6 main.o
                0x00000000000001c8                init_esc
                0x00000000000001ec                set_16bitPWM1
                0x000000000000023c                TIM16_WriteTCNT1
                0x000000000000024c                move
                0x00000000000003bc                USART_Init
                0x00000000000003e4                USART_Transmit
                0x00000000000003f2                USART_send_string
                0x0000000000000410                USART_Receive
                0x000000000000042c                USART_Receive_String
                0x000000000000047c                strobe_lcd
                0x000000000000048e                clear_display
                0x00000000000004c2                home_line2
                0x00000000000004ee                char2lcd
                0x000000000000051a                string2lcd
                0x0000000000000578                spi_init
                0x0000000000000596                lcd_init
 .text          0x00000000000006ae        0x0 /usr/local/Cellar/avr-gcc/6.2.0/lib/gcc/avr/6.2.0/../../../../avr/lib/avr51/libm.a(addsf3.o)
 .text          0x00000000000006ae        0x0 /usr/local/Cellar/avr-gcc/6.2.0/lib/gcc/avr/6.2.0/../../../../avr/lib/avr51/libm.a(addsf3x.o)
 .text          0x00000000000006ae        0x0 /usr/local/Cellar/avr-gcc/6.2.0/lib/gcc/avr/6.2.0/../../../../avr/lib/avr51/libm.a(cmpsf2.o)
 .text          0x00000000000006ae        0x0 /usr/local/Cellar/avr-gcc/6.2.0/lib/gcc/avr/6.2.0/../../../../avr/lib/avr51/libm.a(divsf3.o)
 .text          0x00000000000006ae        0x0 /usr/local/Cellar/avr-gcc/6.2.0/lib/gcc/avr/6.2.0/../../../../avr/lib/avr51/libm.a(divsf3x.o)
 .text          0x00000000000006ae        0x0 /usr/local/Cellar/avr-gcc/6.2.0/lib/gcc/avr/6.2.0/../../../../avr/lib/avr51/libm.a(fixunssfsi.o)
 .text          0x00000000000006ae        0x0 /usr/local/Cellar/avr-gcc/6.2.0/lib/gcc/avr/6.2.0/../../../../avr/lib/avr51/libm.a(floatsisf.o)
 .text          0x00000000000006ae        0x0 /usr/local/Cellar/avr-gcc/6.2.0/lib/gcc/avr/6.2.0/../../../../avr/lib/avr51/libm.a(fp_cmp.o)
 .text          0x00000000000006ae        0x0 /usr/local/Cellar/avr-gcc/6.2.0/lib/gcc/avr/6.2.0/../../../../avr/lib/avr51/libm.a(fp_inf.o)
 .text          0x00000000000006ae        0x0 /usr/local/Cellar/avr-gcc/6.2.0/lib/gcc/avr/6.2.0/../../../../avr/lib/avr51/libm.a(fp_nan.o)
 .text          0x00000000000006ae        0x0 /usr/local/Cellar/avr-gcc/6.2.0/lib/gcc/avr/6.2.0/../../../../avr/lib/avr51/libm.a(fp_pscA.o)
 .text          0x00000000000006ae        0x0 /usr/local/Cellar/avr-gcc/6.2.0/lib/gcc/avr/6.2.0/../../../../avr/lib/avr51/libm.a(fp_pscB.o)
 .text          0x00000000000006ae        0x0 /usr/local/Cellar/avr-gcc/6.2.0/lib/gcc/avr/6.2.0/../../../../avr/lib/avr51/libm.a(fp_round.o)
 .text          0x00000000000006ae        0x0 /usr/local/Cellar/avr-gcc/6.2.0/lib/gcc/avr/6.2.0/../../../../avr/lib/avr51/libm.a(fp_split3.o)
 .text          0x00000000000006ae        0x0 /usr/local/Cellar/avr-gcc/6.2.0/lib/gcc/avr/6.2.0/../../../../avr/lib/avr51/libm.a(fp_zero.o)
 .text          0x00000000000006ae        0x0 /usr/local/Cellar/avr-gcc/6.2.0/lib/gcc/avr/6.2.0/../../../../avr/lib/avr51/libm.a(gesf2.o)
 .text          0x00000000000006ae        0x0 /usr/local/Cellar/avr-gcc/6.2.0/lib/gcc/avr/6.2.0/../../../../avr/lib/avr51/libm.a(mulsf3.o)
 .text          0x00000000000006ae        0x0 /usr/local/Cellar/avr-gcc/6.2.0/lib/gcc/avr/6.2.0/../../../../avr/lib/avr51/libm.a(mulsf3x.o)
 .text          0x00000000000006ae        0x0 /usr/local/Cellar/avr-gcc/6.2.0/lib/gcc/avr/6.2.0/avr51/libgcc.a(_exit.o)
 .text          0x00000000000006ae        0x0 /usr/local/Cellar/avr-gcc/6.2.0/lib/gcc/avr/6.2.0/avr51/libgcc.a(_copy_data.o)
 .text          0x00000000000006ae        0x0 /usr/local/Cellar/avr-gcc/6.2.0/lib/gcc/avr/6.2.0/avr51/libgcc.a(_clear_bss.o)
 .text          0x00000000000006ae        0x0 /usr/local/Cellar/avr-gcc/6.2.0/lib/gcc/avr/6.2.0/../../../../avr/lib/avr51/libc.a(dtostrf.o)
 .text          0x00000000000006ae        0x0 /usr/local/Cellar/avr-gcc/6.2.0/lib/gcc/avr/6.2.0/../../../../avr/lib/avr51/libc.a(dtoa_prf.o)
 .text          0x00000000000006ae        0x0 /usr/local/Cellar/avr-gcc/6.2.0/lib/gcc/avr/6.2.0/../../../../avr/lib/avr51/libc.a(ftoa_engine.o)
                0x00000000000006ae                . = ALIGN (0x2)
 *(.text.*)
 .text.startup  0x00000000000006ae      0x43a main.o
                0x00000000000006ae                main
 .text.avr-libc.fplib
                0x0000000000000ae8        0xe /usr/local/Cellar/avr-gcc/6.2.0/lib/gcc/avr/6.2.0/../../../../avr/lib/avr51/libm.a(addsf3.o)
                0x0000000000000ae8                __subsf3
                0x0000000000000aea                __addsf3
 .text.avr-libc.fplib
                0x0000000000000af6       0xcc /usr/local/Cellar/avr-gcc/6.2.0/lib/gcc/avr/6.2.0/../../../../avr/lib/avr51/libm.a(addsf3x.o)
                0x0000000000000b18                __addsf3x
 .text.avr-libc.fplib
                0x0000000000000bc2        0xa /usr/local/Cellar/avr-gcc/6.2.0/lib/gcc/avr/6.2.0/../../../../avr/lib/avr51/libm.a(cmpsf2.o)
                0x0000000000000bc2                __lesf2
                0x0000000000000bc2                __nesf2
                0x0000000000000bc2                __eqsf2
                0x0000000000000bc2                __cmpsf2
                0x0000000000000bc2                __ltsf2
 .text.avr-libc.fplib
                0x0000000000000bcc        0x8 /usr/local/Cellar/avr-gcc/6.2.0/lib/gcc/avr/6.2.0/../../../../avr/lib/avr51/libm.a(divsf3.o)
                0x0000000000000bcc                __divsf3
 .text.avr-libc.fplib
                0x0000000000000bd4       0xdc /usr/local/Cellar/avr-gcc/6.2.0/lib/gcc/avr/6.2.0/../../../../avr/lib/avr51/libm.a(divsf3x.o)
                0x0000000000000bf4                __divsf3x
                0x0000000000000bfa                __divsf3_pse
 .text.avr-libc.fplib
                0x0000000000000cb0       0x5e /usr/local/Cellar/avr-gcc/6.2.0/lib/gcc/avr/6.2.0/../../../../avr/lib/avr51/libm.a(fixunssfsi.o)
                0x0000000000000cb0                __fixunssfsi
 .text.avr-libc.fplib
                0x0000000000000d0e       0x7a /usr/local/Cellar/avr-gcc/6.2.0/lib/gcc/avr/6.2.0/../../../../avr/lib/avr51/libm.a(floatsisf.o)
                0x0000000000000d0e                __floatunsisf
                0x0000000000000d12                __floatsisf
 .text.avr-libc.fplib
                0x0000000000000d88       0x48 /usr/local/Cellar/avr-gcc/6.2.0/lib/gcc/avr/6.2.0/../../../../avr/lib/avr51/libm.a(fp_cmp.o)
                0x0000000000000d88                __fp_cmp
 .text.avr-libc.fplib
                0x0000000000000dd0        0xc /usr/local/Cellar/avr-gcc/6.2.0/lib/gcc/avr/6.2.0/../../../../avr/lib/avr51/libm.a(fp_inf.o)
                0x0000000000000dd0                __fp_inf
 .text.avr-libc.fplib
                0x0000000000000ddc        0x6 /usr/local/Cellar/avr-gcc/6.2.0/lib/gcc/avr/6.2.0/../../../../avr/lib/avr51/libm.a(fp_nan.o)
                0x0000000000000ddc                __fp_nan
 .text.avr-libc.fplib
                0x0000000000000de2        0xe /usr/local/Cellar/avr-gcc/6.2.0/lib/gcc/avr/6.2.0/../../../../avr/lib/avr51/libm.a(fp_pscA.o)
                0x0000000000000de2                __fp_pscA
 .text.avr-libc.fplib
                0x0000000000000df0        0xe /usr/local/Cellar/avr-gcc/6.2.0/lib/gcc/avr/6.2.0/../../../../avr/lib/avr51/libm.a(fp_pscB.o)
                0x0000000000000df0                __fp_pscB
 .text.avr-libc.fplib
                0x0000000000000dfe       0x22 /usr/local/Cellar/avr-gcc/6.2.0/lib/gcc/avr/6.2.0/../../../../avr/lib/avr51/libm.a(fp_round.o)
                0x0000000000000dfe                __fp_round
 .text.avr-libc.fplib
                0x0000000000000e20       0x44 /usr/local/Cellar/avr-gcc/6.2.0/lib/gcc/avr/6.2.0/../../../../avr/lib/avr51/libm.a(fp_split3.o)
                0x0000000000000e20                __fp_split3
                0x0000000000000e30                __fp_splitA
 .text.avr-libc.fplib
                0x0000000000000e64        0xe /usr/local/Cellar/avr-gcc/6.2.0/lib/gcc/avr/6.2.0/../../../../avr/lib/avr51/libm.a(fp_zero.o)
                0x0000000000000e64                __fp_zero
                0x0000000000000e66                __fp_szero
 .text.avr-libc.fplib
                0x0000000000000e72        0xa /usr/local/Cellar/avr-gcc/6.2.0/lib/gcc/avr/6.2.0/../../../../avr/lib/avr51/libm.a(gesf2.o)
                0x0000000000000e72                __gtsf2
                0x0000000000000e72                __gesf2
 .text.avr-libc.fplib
                0x0000000000000e7c        0x8 /usr/local/Cellar/avr-gcc/6.2.0/lib/gcc/avr/6.2.0/../../../../avr/lib/avr51/libm.a(mulsf3.o)
                0x0000000000000e7c                __mulsf3
 .text.avr-libc.fplib
                0x0000000000000e84       0xd2 /usr/local/Cellar/avr-gcc/6.2.0/lib/gcc/avr/6.2.0/../../../../avr/lib/avr51/libm.a(mulsf3x.o)
                0x0000000000000ea2                __mulsf3x
                0x0000000000000ea8                __mulsf3_pse
 .text.libgcc.mul
                0x0000000000000f56        0x0 /usr/local/Cellar/avr-gcc/6.2.0/lib/gcc/avr/6.2.0/avr51/libgcc.a(_exit.o)
 .text.libgcc.div
                0x0000000000000f56        0x0 /usr/local/Cellar/avr-gcc/6.2.0/lib/gcc/avr/6.2.0/avr51/libgcc.a(_exit.o)
 .text.libgcc   0x0000000000000f56        0x0 /usr/local/Cellar/avr-gcc/6.2.0/lib/gcc/avr/6.2.0/avr51/libgcc.a(_exit.o)
 .text.libgcc.prologue
                0x0000000000000f56        0x0 /usr/local/Cellar/avr-gcc/6.2.0/lib/gcc/avr/6.2.0/avr51/libgcc.a(_exit.o)
 .text.libgcc.builtins
                0x0000000000000f56        0x0 /usr/local/Cellar/avr-gcc/6.2.0/lib/gcc/avr/6.2.0/avr51/libgcc.a(_exit.o)
 .text.libgcc.fmul
                0x0000000000000f56        0x0 /usr/local/Cellar/avr-gcc/6.2.0/lib/gcc/avr/6.2.0/avr51/libgcc.a(_exit.o)
 .text.libgcc.fixed
                0x0000000000000f56        0x0 /usr/local/Cellar/avr-gcc/6.2.0/lib/gcc/avr/6.2.0/avr51/libgcc.a(_exit.o)
 .text.libgcc.mul
                0x0000000000000f56        0x0 /usr/local/Cellar/avr-gcc/6.2.0/lib/gcc/avr/6.2.0/avr51/libgcc.a(_copy_data.o)
 .text.libgcc.div
                0x0000000000000f56        0x0 /usr/local/Cellar/avr-gcc/6.2.0/lib/gcc/avr/6.2.0/avr51/libgcc.a(_copy_data.o)
 .text.libgcc   0x0000000000000f56        0x0 /usr/local/Cellar/avr-gcc/6.2.0/lib/gcc/avr/6.2.0/avr51/libgcc.a(_copy_data.o)
 .text.libgcc.prologue
                0x0000000000000f56        0x0 /usr/local/Cellar/avr-gcc/6.2.0/lib/gcc/avr/6.2.0/avr51/libgcc.a(_copy_data.o)
 .text.libgcc.builtins
                0x0000000000000f56        0x0 /usr/local/Cellar/avr-gcc/6.2.0/lib/gcc/avr/6.2.0/avr51/libgcc.a(_copy_data.o)
 .text.libgcc.fmul
                0x0000000000000f56        0x0 /usr/local/Cellar/avr-gcc/6.2.0/lib/gcc/avr/6.2.0/avr51/libgcc.a(_copy_data.o)
 .text.libgcc.fixed
                0x0000000000000f56        0x0 /usr/local/Cellar/avr-gcc/6.2.0/lib/gcc/avr/6.2.0/avr51/libgcc.a(_copy_data.o)
 .text.libgcc.mul
                0x0000000000000f56        0x0 /usr/local/Cellar/avr-gcc/6.2.0/lib/gcc/avr/6.2.0/avr51/libgcc.a(_clear_bss.o)
 .text.libgcc.div
                0x0000000000000f56        0x0 /usr/local/Cellar/avr-gcc/6.2.0/lib/gcc/avr/6.2.0/avr51/libgcc.a(_clear_bss.o)
 .text.libgcc   0x0000000000000f56        0x0 /usr/local/Cellar/avr-gcc/6.2.0/lib/gcc/avr/6.2.0/avr51/libgcc.a(_clear_bss.o)
 .text.libgcc.prologue
                0x0000000000000f56        0x0 /usr/local/Cellar/avr-gcc/6.2.0/lib/gcc/avr/6.2.0/avr51/libgcc.a(_clear_bss.o)
 .text.libgcc.builtins
                0x0000000000000f56        0x0 /usr/local/Cellar/avr-gcc/6.2.0/lib/gcc/avr/6.2.0/avr51/libgcc.a(_clear_bss.o)
 .text.libgcc.fmul
                0x0000000000000f56        0x0 /usr/local/Cellar/avr-gcc/6.2.0/lib/gcc/avr/6.2.0/avr51/libgcc.a(_clear_bss.o)
 .text.libgcc.fixed
                0x0000000000000f56        0x0 /usr/local/Cellar/avr-gcc/6.2.0/lib/gcc/avr/6.2.0/avr51/libgcc.a(_clear_bss.o)
 .text.avr-libc
                0x0000000000000f56       0x40 /usr/local/Cellar/avr-gcc/6.2.0/lib/gcc/avr/6.2.0/../../../../avr/lib/avr51/libc.a(dtostrf.o)
                0x0000000000000f56                dtostrf
 .text.avr-libc
                0x0000000000000f96      0x302 /usr/local/Cellar/avr-gcc/6.2.0/lib/gcc/avr/6.2.0/../../../../avr/lib/avr51/libc.a(dtoa_prf.o)
                0x0000000000000f96                dtoa_prf
 .text.avr-libc
                0x0000000000001298      0x1b0 /usr/local/Cellar/avr-gcc/6.2.0/lib/gcc/avr/6.2.0/../../../../avr/lib/avr51/libc.a(ftoa_engine.o)
                0x0000000000001298                __ftoa_engine
                0x0000000000001448                . = ALIGN (0x2)
 *(.fini9)
 .fini9         0x0000000000001448        0x0 /usr/local/Cellar/avr-gcc/6.2.0/lib/gcc/avr/6.2.0/avr51/libgcc.a(_exit.o)
                0x0000000000001448                exit
                0x0000000000001448                _exit
 *(.fini9)
 *(.fini8)
 *(.fini8)
 *(.fini7)
 *(.fini7)
 *(.fini6)
 *(.fini6)
 *(.fini5)
 *(.fini5)
 *(.fini4)
 *(.fini4)
 *(.fini3)
 *(.fini3)
 *(.fini2)
 *(.fini2)
 *(.fini1)
 *(.fini1)
 *(.fini0)
 .fini0         0x0000000000001448        0x4 /usr/local/Cellar/avr-gcc/6.2.0/lib/gcc/avr/6.2.0/avr51/libgcc.a(_exit.o)
 *(.fini0)
                0x000000000000144c                _etext = .

.data           0x0000000000800100       0x42 load address 0x000000000000144c
                0x0000000000800100                PROVIDE (__data_start, .)
 *(.data)
 .data          0x0000000000800100        0x0 /usr/local/Cellar/avr-gcc/6.2.0/lib/gcc/avr/6.2.0/../../../../avr/lib/avr51/crtatmega128.o
 .data          0x0000000000800100        0x0 main.o
 .data          0x0000000000800100        0x0 /usr/local/Cellar/avr-gcc/6.2.0/lib/gcc/avr/6.2.0/../../../../avr/lib/avr51/libm.a(addsf3.o)
 .data          0x0000000000800100        0x0 /usr/local/Cellar/avr-gcc/6.2.0/lib/gcc/avr/6.2.0/../../../../avr/lib/avr51/libm.a(addsf3x.o)
 .data          0x0000000000800100        0x0 /usr/local/Cellar/avr-gcc/6.2.0/lib/gcc/avr/6.2.0/../../../../avr/lib/avr51/libm.a(cmpsf2.o)
 .data          0x0000000000800100        0x0 /usr/local/Cellar/avr-gcc/6.2.0/lib/gcc/avr/6.2.0/../../../../avr/lib/avr51/libm.a(divsf3.o)
 .data          0x0000000000800100        0x0 /usr/local/Cellar/avr-gcc/6.2.0/lib/gcc/avr/6.2.0/../../../../avr/lib/avr51/libm.a(divsf3x.o)
 .data          0x0000000000800100        0x0 /usr/local/Cellar/avr-gcc/6.2.0/lib/gcc/avr/6.2.0/../../../../avr/lib/avr51/libm.a(fixunssfsi.o)
 .data          0x0000000000800100        0x0 /usr/local/Cellar/avr-gcc/6.2.0/lib/gcc/avr/6.2.0/../../../../avr/lib/avr51/libm.a(floatsisf.o)
 .data          0x0000000000800100        0x0 /usr/local/Cellar/avr-gcc/6.2.0/lib/gcc/avr/6.2.0/../../../../avr/lib/avr51/libm.a(fp_cmp.o)
 .data          0x0000000000800100        0x0 /usr/local/Cellar/avr-gcc/6.2.0/lib/gcc/avr/6.2.0/../../../../avr/lib/avr51/libm.a(fp_inf.o)
 .data          0x0000000000800100        0x0 /usr/local/Cellar/avr-gcc/6.2.0/lib/gcc/avr/6.2.0/../../../../avr/lib/avr51/libm.a(fp_nan.o)
 .data          0x0000000000800100        0x0 /usr/local/Cellar/avr-gcc/6.2.0/lib/gcc/avr/6.2.0/../../../../avr/lib/avr51/libm.a(fp_pscA.o)
 .data          0x0000000000800100        0x0 /usr/local/Cellar/avr-gcc/6.2.0/lib/gcc/avr/6.2.0/../../../../avr/lib/avr51/libm.a(fp_pscB.o)
 .data          0x0000000000800100        0x0 /usr/local/Cellar/avr-gcc/6.2.0/lib/gcc/avr/6.2.0/../../../../avr/lib/avr51/libm.a(fp_round.o)
 .data          0x0000000000800100        0x0 /usr/local/Cellar/avr-gcc/6.2.0/lib/gcc/avr/6.2.0/../../../../avr/lib/avr51/libm.a(fp_split3.o)
 .data          0x0000000000800100        0x0 /usr/local/Cellar/avr-gcc/6.2.0/lib/gcc/avr/6.2.0/../../../../avr/lib/avr51/libm.a(fp_zero.o)
 .data          0x0000000000800100        0x0 /usr/local/Cellar/avr-gcc/6.2.0/lib/gcc/avr/6.2.0/../../../../avr/lib/avr51/libm.a(gesf2.o)
 .data          0x0000000000800100        0x0 /usr/local/Cellar/avr-gcc/6.2.0/lib/gcc/avr/6.2.0/../../../../avr/lib/avr51/libm.a(mulsf3.o)
 .data          0x0000000000800100        0x0 /usr/local/Cellar/avr-gcc/6.2.0/lib/gcc/avr/6.2.0/../../../../avr/lib/avr51/libm.a(mulsf3x.o)
 .data          0x0000000000800100        0x0 /usr/local/Cellar/avr-gcc/6.2.0/lib/gcc/avr/6.2.0/avr51/libgcc.a(_exit.o)
 .data          0x0000000000800100        0x0 /usr/local/Cellar/avr-gcc/6.2.0/lib/gcc/avr/6.2.0/avr51/libgcc.a(_copy_data.o)
 .data          0x0000000000800100        0x0 /usr/local/Cellar/avr-gcc/6.2.0/lib/gcc/avr/6.2.0/avr51/libgcc.a(_clear_bss.o)
 .data          0x0000000000800100        0x0 /usr/local/Cellar/avr-gcc/6.2.0/lib/gcc/avr/6.2.0/../../../../avr/lib/avr51/libc.a(dtostrf.o)
 .data          0x0000000000800100        0x0 /usr/local/Cellar/avr-gcc/6.2.0/lib/gcc/avr/6.2.0/../../../../avr/lib/avr51/libc.a(dtoa_prf.o)
 .data          0x0000000000800100        0x0 /usr/local/Cellar/avr-gcc/6.2.0/lib/gcc/avr/6.2.0/../../../../avr/lib/avr51/libc.a(ftoa_engine.o)
 *(.data*)
 *(.rodata)
 *(.rodata*)
 .rodata.str1.1
                0x0000000000800100       0x41 main.o
 *(.gnu.linkonce.d*)
                0x0000000000800142                . = ALIGN (0x2)
 *fill*         0x0000000000800141        0x1 
                0x0000000000800142                _edata = .
                0x0000000000800142                PROVIDE (__data_end, .)

.bss            0x0000000000800142        0x2
                0x0000000000800142                PROVIDE (__bss_start, .)
 *(.bss)
 .bss           0x0000000000800142        0x0 /usr/local/Cellar/avr-gcc/6.2.0/lib/gcc/avr/6.2.0/../../../../avr/lib/avr51/crtatmega128.o
 .bss           0x0000000000800142        0x0 main.o
 .bss           0x0000000000800142        0x0 /usr/local/Cellar/avr-gcc/6.2.0/lib/gcc/avr/6.2.0/../../../../avr/lib/avr51/libm.a(addsf3.o)
 .bss           0x0000000000800142        0x0 /usr/local/Cellar/avr-gcc/6.2.0/lib/gcc/avr/6.2.0/../../../../avr/lib/avr51/libm.a(addsf3x.o)
 .bss           0x0000000000800142        0x0 /usr/local/Cellar/avr-gcc/6.2.0/lib/gcc/avr/6.2.0/../../../../avr/lib/avr51/libm.a(cmpsf2.o)
 .bss           0x0000000000800142        0x0 /usr/local/Cellar/avr-gcc/6.2.0/lib/gcc/avr/6.2.0/../../../../avr/lib/avr51/libm.a(divsf3.o)
 .bss           0x0000000000800142        0x0 /usr/local/Cellar/avr-gcc/6.2.0/lib/gcc/avr/6.2.0/../../../../avr/lib/avr51/libm.a(divsf3x.o)
 .bss           0x0000000000800142        0x0 /usr/local/Cellar/avr-gcc/6.2.0/lib/gcc/avr/6.2.0/../../../../avr/lib/avr51/libm.a(fixunssfsi.o)
 .bss           0x0000000000800142        0x0 /usr/local/Cellar/avr-gcc/6.2.0/lib/gcc/avr/6.2.0/../../../../avr/lib/avr51/libm.a(floatsisf.o)
 .bss           0x0000000000800142        0x0 /usr/local/Cellar/avr-gcc/6.2.0/lib/gcc/avr/6.2.0/../../../../avr/lib/avr51/libm.a(fp_cmp.o)
 .bss           0x0000000000800142        0x0 /usr/local/Cellar/avr-gcc/6.2.0/lib/gcc/avr/6.2.0/../../../../avr/lib/avr51/libm.a(fp_inf.o)
 .bss           0x0000000000800142        0x0 /usr/local/Cellar/avr-gcc/6.2.0/lib/gcc/avr/6.2.0/../../../../avr/lib/avr51/libm.a(fp_nan.o)
 .bss           0x0000000000800142        0x0 /usr/local/Cellar/avr-gcc/6.2.0/lib/gcc/avr/6.2.0/../../../../avr/lib/avr51/libm.a(fp_pscA.o)
 .bss           0x0000000000800142        0x0 /usr/local/Cellar/avr-gcc/6.2.0/lib/gcc/avr/6.2.0/../../../../avr/lib/avr51/libm.a(fp_pscB.o)
 .bss           0x0000000000800142        0x0 /usr/local/Cellar/avr-gcc/6.2.0/lib/gcc/avr/6.2.0/../../../../avr/lib/avr51/libm.a(fp_round.o)
 .bss           0x0000000000800142        0x0 /usr/local/Cellar/avr-gcc/6.2.0/lib/gcc/avr/6.2.0/../../../../avr/lib/avr51/libm.a(fp_split3.o)
 .bss           0x0000000000800142        0x0 /usr/local/Cellar/avr-gcc/6.2.0/lib/gcc/avr/6.2.0/../../../../avr/lib/avr51/libm.a(fp_zero.o)
 .bss           0x0000000000800142        0x0 /usr/local/Cellar/avr-gcc/6.2.0/lib/gcc/avr/6.2.0/../../../../avr/lib/avr51/libm.a(gesf2.o)
 .bss           0x0000000000800142        0x0 /usr/local/Cellar/avr-gcc/6.2.0/lib/gcc/avr/6.2.0/../../../../avr/lib/avr51/libm.a(mulsf3.o)
 .bss           0x0000000000800142        0x0 /usr/local/Cellar/avr-gcc/6.2.0/lib/gcc/avr/6.2.0/../../../../avr/lib/avr51/libm.a(mulsf3x.o)
 .bss           0x0000000000800142        0x0 /usr/local/Cellar/avr-gcc/6.2.0/lib/gcc/avr/6.2.0/avr51/libgcc.a(_exit.o)
 .bss           0x0000000000800142        0x0 /usr/local/Cellar/avr-gcc/6.2.0/lib/gcc/avr/6.2.0/avr51/libgcc.a(_copy_data.o)
 .bss           0x0000000000800142        0x0 /usr/local/Cellar/avr-gcc/6.2.0/lib/gcc/avr/6.2.0/avr51/libgcc.a(_clear_bss.o)
 .bss           0x0000000000800142        0x0 /usr/local/Cellar/avr-gcc/6.2.0/lib/gcc/avr/6.2.0/../../../../avr/lib/avr51/libc.a(dtostrf.o)
 .bss           0x0000000000800142        0x0 /usr/local/Cellar/avr-gcc/6.2.0/lib/gcc/avr/6.2.0/../../../../avr/lib/avr51/libc.a(dtoa_prf.o)
 .bss           0x0000000000800142        0x0 /usr/local/Cellar/avr-gcc/6.2.0/lib/gcc/avr/6.2.0/../../../../avr/lib/avr51/libc.a(ftoa_engine.o)
 *(.bss*)
 *(COMMON)
 COMMON         0x0000000000800142        0x2 main.o
                0x0000000000800142                temp
                0x0000000000800143                read_byte
                0x0000000000800144                PROVIDE (__bss_end, .)
                0x000000000000144c                __data_load_start = LOADADDR (.data)
                0x000000000000148e                __data_load_end = (__data_load_start + SIZEOF (.data))

.noinit         0x0000000000800144        0x0
                0x0000000000800144                PROVIDE (__noinit_start, .)
 *(.noinit*)
                0x0000000000800144                PROVIDE (__noinit_end, .)
                0x0000000000800144                _end = .
                0x0000000000800144                PROVIDE (__heap_start, .)

.eeprom         0x0000000000810000        0x0
 *(.eeprom*)
                0x0000000000810000                __eeprom_end = .

.fuse
 *(.fuse)
 *(.lfuse)
 *(.hfuse)
 *(.efuse)

.lock
 *(.lock*)

.signature
 *(.signature*)

.stab           0x0000000000000000     0x1c74
 *(.stab)
 .stab          0x0000000000000000     0x1a64 main.o
 .stab          0x0000000000001a64       0x6c /usr/local/Cellar/avr-gcc/6.2.0/lib/gcc/avr/6.2.0/avr51/libgcc.a(_exit.o)
                                         0x78 (size before relaxing)
 .stab          0x0000000000001ad0       0xf0 /usr/local/Cellar/avr-gcc/6.2.0/lib/gcc/avr/6.2.0/avr51/libgcc.a(_copy_data.o)
                                         0xfc (size before relaxing)
 .stab          0x0000000000001bc0       0xb4 /usr/local/Cellar/avr-gcc/6.2.0/lib/gcc/avr/6.2.0/avr51/libgcc.a(_clear_bss.o)
                                         0xc0 (size before relaxing)

.stabstr        0x0000000000000000     0x1365
 *(.stabstr)
 .stabstr       0x0000000000000000     0x1365 main.o

.stab.excl
 *(.stab.excl)

.stab.exclstr
 *(.stab.exclstr)

.stab.index
 *(.stab.index)

.stab.indexstr
 *(.stab.indexstr)

.comment        0x0000000000000000       0x11
 *(.comment)
 .comment       0x0000000000000000       0x11 main.o
                                         0x12 (size before relaxing)
 .comment       0x0000000000000011       0x12 /usr/local/Cellar/avr-gcc/6.2.0/lib/gcc/avr/6.2.0/../../../../avr/lib/avr51/libc.a(dtostrf.o)
 .comment       0x0000000000000011       0x12 /usr/local/Cellar/avr-gcc/6.2.0/lib/gcc/avr/6.2.0/../../../../avr/lib/avr51/libc.a(dtoa_prf.o)

.note.gnu.avr.deviceinfo
                0x0000000000000000       0x3c
 .note.gnu.avr.deviceinfo
                0x0000000000000000       0x3c /usr/local/Cellar/avr-gcc/6.2.0/lib/gcc/avr/6.2.0/../../../../avr/lib/avr51/crtatmega128.o

.note.gnu.build-id
 *(.note.gnu.build-id)

.debug
 *(.debug)

.line
 *(.line)

.debug_srcinfo
 *(.debug_srcinfo)

.debug_sfnames
 *(.debug_sfnames)

.debug_aranges
 *(.debug_aranges)

.debug_pubnames
 *(.debug_pubnames)

.debug_info     0x0000000000000000      0x780
 *(.debug_info .gnu.linkonce.wi.*)
 .debug_info    0x0000000000000000      0x780 /usr/local/Cellar/avr-gcc/6.2.0/lib/gcc/avr/6.2.0/../../../../avr/lib/avr51/crtatmega128.o

.debug_abbrev   0x0000000000000000      0x718
 *(.debug_abbrev)
 .debug_abbrev  0x0000000000000000      0x718 /usr/local/Cellar/avr-gcc/6.2.0/lib/gcc/avr/6.2.0/../../../../avr/lib/avr51/crtatmega128.o

.debug_line     0x0000000000000000       0x1d
 *(.debug_line .debug_line.* .debug_line_end)
 .debug_line    0x0000000000000000       0x1d /usr/local/Cellar/avr-gcc/6.2.0/lib/gcc/avr/6.2.0/../../../../avr/lib/avr51/crtatmega128.o

.debug_frame
 *(.debug_frame)

.debug_str      0x0000000000000000      0x27d
 *(.debug_str)
 .debug_str     0x0000000000000000      0x27d /usr/local/Cellar/avr-gcc/6.2.0/lib/gcc/avr/6.2.0/../../../../avr/lib/avr51/crtatmega128.o

.debug_loc
 *(.debug_loc)

.debug_macinfo
 *(.debug_macinfo)

.debug_weaknames
 *(.debug_weaknames)

.debug_funcnames
 *(.debug_funcnames)

.debug_typenames
 *(.debug_typenames)

.debug_varnames
 *(.debug_varnames)

.debug_pubtypes
 *(.debug_pubtypes)

.debug_ranges
 *(.debug_ranges)

.debug_macro
 *(.debug_macro)
OUTPUT(main.elf elf32-avr)
LOAD linker stubs
